--------- beginning of /dev/log/main
I/irsc_util(  208): executing /system/bin/irsc_util failed: No such file or directory
E/logwrapper(  218): executing /system/bin/irsc_util failed: No such file or directory
I/qrngd   (  211): qrngd has started:
I/qrngd   (  211): Reading device:'/dev/hw_random' updating entropy for device:'/dev/random'
I/rfs_access(  193): Initialized RFS server
D/WLAN_PSA(  209): PTT_SOCKET_APP Start
V/WLAN_PSA(  209): UID 0
E/WLAN_PSA(  209): Set as Blocked Operation
D/WLAN_PSA(  209): PTT_SOCKET_APP Init done, wait clients
I/irsc_util(  208): irsc_util terminated by exit(255)
I/Netd    (  197): Netd 1.0 starting
D/adsprpc (  216): vendor/qcom/proprietary/adsprpc/src/adsprpcd.c:21::info: calling: 0 == adsp_default_listener_register()
W/InterfaceController(  197): Warning (dlopen failed: library "/system/lib/libnetcmdiface.so" not found) while opening the net interface command library
E/adsprpc (  216): vendor/qcom/proprietary/adsprpc/src/listener_android.c:107:listener using ion heap: -1
D/adsprpc (  216): vendor/qcom/proprietary/adsprpc/src/adsprpcd.c:21::info: passed: 0 == adsp_default_listener_register()
I/DEBUG   (  198): debuggerd: Oct 14 2015 08:02:54
I/installd(  202): installd firing up
I/qcom-bluetooth(  214): /system/etc/init.qcom.bt.sh: init.qcom.bt.sh config = onboot
E/adsprpc (  216): vendor/qcom/proprietary/adsprpc/src/apps_std_imp.c:33:apps_std fopen failed: /oemconfig.so No such file or directory
E/adsprpc (  216): vendor/qcom/proprietary/adsprpc/src/apps_std_imp.c:33:apps_std fopen failed: /system/lib/rfsa/adsp//oemconfig.so No such file or directory
E/adsprpc (  216): vendor/qcom/proprietary/adsprpc/src/apps_std_imp.c:33:apps_std fopen failed: /system/vendor/lib/rfsa/adsp//oemconfig.so No such file or directory
E/adsprpc (  216): vendor/qcom/proprietary/adsprpc/src/../inc/mod_table_imp.h:346::error: 2: 0 == (nErr = invoke_func_ptr(sc, pra))
E/adsprpc (  216): vendor/qcom/proprietary/adsprpc/src/apps_std_imp.c:33:apps_std fopen failed: /remote_heap_config.so No such file or directory
E/adsprpc (  216): vendor/qcom/proprietary/adsprpc/src/apps_std_imp.c:33:apps_std fopen failed: /system/lib/rfsa/adsp//remote_heap_config.so No such file or directory
E/adsprpc (  216): vendor/qcom/proprietary/adsprpc/src/apps_std_imp.c:33:apps_std fopen failed: /system/vendor/lib/rfsa/adsp//remote_heap_config.so No such file or directory
E/adsprpc (  216): vendor/qcom/proprietary/adsprpc/src/../inc/mod_table_imp.h:346::error: 2: 0 == (nErr = invoke_func_ptr(sc, pra))
E/adsprpc (  216): vendor/qcom/proprietary/adsprpc/src/apps_std_imp.c:33:apps_std fopen failed: /voiceproc_tx.so No such file or directory
E/adsprpc (  216): vendor/qcom/proprietary/adsprpc/src/apps_std_imp.c:33:apps_std fopen failed: /system/lib/rfsa/adsp//voiceproc_tx.so No such file or directory
E/adsprpc (  216): vendor/qcom/proprietary/adsprpc/src/apps_std_imp.c:33:apps_std fopen failed: /system/vendor/lib/rfsa/adsp//voiceproc_tx.so No such file or directory
E/adsprpc (  216): vendor/qcom/proprietary/adsprpc/src/../inc/mod_table_imp.h:346::error: 2: 0 == (nErr = invoke_func_ptr(sc, pra))
E/adsprpc (  216): vendor/qcom/proprietary/adsprpc/src/apps_std_imp.c:33:apps_std fopen failed: /voiceproc_rx.so No such file or directory
E/adsprpc (  216): vendor/qcom/proprietary/adsprpc/src/apps_std_imp.c:33:apps_std fopen failed: /system/lib/rfsa/adsp//voiceproc_rx.so No such file or directory
E/adsprpc (  216): vendor/qcom/proprietary/adsprpc/src/apps_std_imp.c:33:apps_std fopen failed: /system/vendor/lib/rfsa/adsp//voiceproc_rx.so No such file or directory
E/adsprpc (  216): vendor/qcom/proprietary/adsprpc/src/../inc/mod_table_imp.h:346::error: 2: 0 == (nErr = invoke_func_ptr(sc, pra))
I/qcom-bluetooth(  231): /system/etc/init.qcom.bt.sh: Bluetooth Address programmed successfully
E/DirectVolume(  191): Vold managed volumes must have auto mount point; ignoring /storage/sdcard
E/DirectVolume(  191): Vold managed volumes must have auto mount point; ignoring /storage/sdcard1
--------- beginning of /dev/log/system
I/Vold    (  191): Vold 2.1 (the revenge) firing up
D/Vold    (  191): Volume sdcard state changing -1 (Initializing) -> 0 (No-Media)
D/Vold    (  191): Volume sdcard1 state changing -1 (Initializing) -> 0 (No-Media)
E/QCOMSysDaemon(  206): Can't open /dev/block/platform/msm_sdcc.1/by-name/bootselect: (No such file or directory)
I/QCOMSysDaemon(  206): Starting qcom system daemon
I/ThermalEngine(  210): Thermal daemon started
I/ThermalEngine(  210): devices_manager_init: Init
I/ThermalEngine(  210): Number of gpus :1
I/Thermal-IOCTL(  210): KTM IOCTL interface "/dev/msm_thermal_query" opened
I/ThermalEngine(  210): vdd_rstr_init: Init KTM VDD RSTR enabled: 0
I/ThermalEngine(  210): sensors_manager_init: Init
I/ThermalEngine(  210): BCL sensors setup done.
I/ThermalEngine(  210): Using target config file '/system/etc/thermal-engine-8610.conf'
I/ThermalEngine(  210): Loading config file for virtual sensor
E/ThermalEngine(  210): Unable to open config file '/system/etc/thermal-engine-8610.conf'
E/ThermalEngine(  210): virtual_sensors_init: Error getting virtual sensors set
E/ThermalEngine(  210): Unable to open config file '/system/etc/thermal-engine-8610.conf'
I/ThermalEngine(  210): [VDD_RSTR_MONITOR-TSENS5]
I/ThermalEngine(  210): #algo_type monitor
I/ThermalEngine(  210): sampling 1000
I/ThermalEngine(  210): sensor tsens_tz_sensor5
I/ThermalEngine(  210): thresholds 5000
I/ThermalEngine(  210): thresholds_clr 10000
I/ThermalEngine(  210): actions vdd_restriction
I/ThermalEngine(  210): action_info 1
I/ThermalEngine(  210): descending
I/ThermalEngine(  210): [VDD_RSTR_MONITOR-TSENS0]
I/ThermalEngine(  210): #algo_type monitor
I/ThermalEngine(  210): sampling 1000
I/ThermalEngine(  210): sensor tsens_tz_sensor0
I/ThermalEngine(  210): thresholds 5000
I/ThermalEngine(  210): thresholds_clr 10000
I/ThermalEngine(  210): actions vdd_restriction
I/ThermalEngine(  210): action_info 1
I/ThermalEngine(  210): descending
I/ThermalEngine(  210): [SS-CPU0-1-2-3]
I/ThermalEngine(  210): #algo_type ss
I/ThermalEngine(  210): sampling 250
I/ThermalEngine(  210): sensor cpu0-1-2-3
I/ThermalEngine(  210): device cpu
I/ThermalEngine(  210): set_point 80000
I/ThermalEngine(  210): set_point_clr 65000
I/ThermalEngine(  210): time_constant 0
I/ThermalEngine(  210): Sensor:tsens_tz_sensor5:38000 mC
I/ThermalEngine(  210): Sensor:tsens_tz_sensor5:38000 mC
I/ThermalEngine(  210): Sensor:tsens_tz_sensor5:38000 mC
I/ThermalEngine(  210): Sensor:tsens_tz_sensor0:38000 mC
I/ThermalEngine(  210): Sensor:tsens_tz_sensor0:38000 mC
I/ThermalEngine(  210): vdd_restrict_qmi_request: MODEM req level(0) is recorded and waiting for completing QMI registration
I/ThermalEngine(  210): vdd_restrict_qmi_request: ADSP req level(0) is recorded and waiting for completing QMI registration
I/ThermalEngine(  210): hotplug_ktm_disable_cb: write out 0
D/Vold    (  191): Volume::createDeviceNode path:/dev/block/vold/179:32, major:179, minor:32
D/Vold    (  191): Volume sdcard state changing 0 (No-Media) -> 1 (Idle-Unmounted)
D/Vold    (  191): Volume::createDeviceNode path:/dev/block/vold/179:0, major:179, minor:0
D/Vold    (  191): Volume sdcard state changing 1 (Idle-Unmounted) -> 2 (Pending)
D/Vold    (  191): Volume::createDeviceNode path:/dev/block/vold/179:1, major:179, minor:1
D/Vold    (  191): Volume::createDeviceNode path:/dev/block/vold/179:2, major:179, minor:2
D/Vold    (  191): Volume::createDeviceNode path:/dev/block/vold/179:3, major:179, minor:3
D/Vold    (  191): Volume::createDeviceNode path:/dev/block/vold/179:4, major:179, minor:4
D/Vold    (  191): Volume::createDeviceNode path:/dev/block/vold/179:5, major:179, minor:5
D/Vold    (  191): Volume::createDeviceNode path:/dev/block/vold/179:6, major:179, minor:6
D/Vold    (  191): Volume::createDeviceNode path:/dev/block/vold/179:7, major:179, minor:7
D/Vold    (  191): Volume::createDeviceNode path:/dev/block/vold/179:8, major:179, minor:8
D/Vold    (  191): Volume::createDeviceNode path:/dev/block/vold/179:9, major:179, minor:9
D/Vold    (  191): Volume::createDeviceNode path:/dev/block/vold/179:32, major:179, minor:32
D/Vold    (  191): Volume sdcard state changing 2 (Pending) -> 1 (Idle-Unmounted)
D/Vold    (  191): Volume::createDeviceNode path:/dev/block/vold/179:10, major:179, minor:10
W/Vold    (  191): Duplicate state (1)
D/Vold    (  191): Volume::createDeviceNode path:/dev/block/vold/179:11, major:179, minor:11
W/Vold    (  191): Duplicate state (1)
D/Vold    (  191): Volume::createDeviceNode path:/dev/block/vold/179:12, major:179, minor:12
W/Vold    (  191): Duplicate state (1)
D/Vold    (  191): Volume::createDeviceNode path:/dev/block/vold/179:13, major:179, minor:13
W/Vold    (  191): Duplicate state (1)
D/Vold    (  191): Volume::createDeviceNode path:/dev/block/vold/179:14, major:179, minor:14
W/Vold    (  191): Duplicate state (1)
D/Vold    (  191): Volume::createDeviceNode path:/dev/block/vold/179:15, major:179, minor:15
W/Vold    (  191): Duplicate state (1)
D/Vold    (  191): Volume::createDeviceNode path:/dev/block/vold/179:16, major:179, minor:16
W/Vold    (  191): Duplicate state (1)
D/Vold    (  191): Volume::createDeviceNode path:/dev/block/vold/179:17, major:179, minor:17
W/Vold    (  191): Duplicate state (1)
D/Vold    (  191): Volume::createDeviceNode path:/dev/block/vold/179:18, major:179, minor:18
W/Vold    (  191): Duplicate state (1)
D/Vold    (  191): Volume::createDeviceNode path:/dev/block/vold/179:19, major:179, minor:19
W/Vold    (  191): Duplicate state (1)
D/Vold    (  191): Volume::createDeviceNode path:/dev/block/vold/179:20, major:179, minor:20
W/Vold    (  191): Duplicate state (1)
D/Vold    (  191): Volume::createDeviceNode path:/dev/block/vold/179:21, major:179, minor:21
W/Vold    (  191): Duplicate state (1)
D/Vold    (  191): Volume::createDeviceNode path:/dev/block/vold/179:22, major:179, minor:22
W/Vold    (  191): Duplicate state (1)
D/Vold    (  191): Volume::createDeviceNode path:/dev/block/vold/179:23, major:179, minor:23
W/Vold    (  191): Duplicate state (1)
D/Vold    (  191): Volume::createDeviceNode path:/dev/block/vold/179:24, major:179, minor:24
W/Vold    (  191): Duplicate state (1)
D/Vold    (  191): Volume::createDeviceNode path:/dev/block/vold/179:25, major:179, minor:25
W/Vold    (  191): Duplicate state (1)
D/Vold    (  191): Volume::createDeviceNode path:/dev/block/vold/179:26, major:179, minor:26
W/Vold    (  191): Duplicate state (1)
D/QC-time-services(  296): Daemon:genoff_pre_init::Base = 0
D/QC-time-services(  296): Daemon:ats_rtc_init: Time read from RTC -- year = 70, month = 6,day = 3
D/Vold    (  191): Volume::createDeviceNode path:/dev/block/vold/179:27, major:179, minor:27
W/Vold    (  191): Duplicate state (1)
D/Vold    (  191): Volume::createDeviceNode path:/dev/block/vold/179:28, major:179, minor:28
W/Vold    (  191): Duplicate state (1)
D/Vold    (  191): Volume::createDeviceNode path:/dev/block/vold/179:29, major:179, minor:29
W/Vold    (  191): Duplicate state (1)
D/Vold    (  191): Volume::createDeviceNode path:/dev/block/vold/179:30, major:179, minor:30
W/Vold    (  191): Duplicate state (1)
D/QSEECOMD: (  298): qseecom listener services process entry PPID = 1
E/QSEECOMD: (  298): Listener: index = 0, hierarchy = 0
E/Diag_Lib(  304): Thread state: conn_id=58, state=MAIN_THREAD_POWERUP_INIT
D/QSEECOMD: (  298): Init dlopen(librpmb.so, RTLD_NOW) succeeds
D/QSEECOMD: (  298): Init::Init dlsym(g_FSHandle rpmb_init_service) succeeds
I/rpmb    (  298): RPMB Mult = 2048, Rel_sec_cnt = 1
E/DrmLibRpmb(  298): rpmb_init succeeded! with ret = 0
D/QSEECOMD: (  298): Init rpmb_init_service ret = 0
D/QSEECOMD: (  298): RPMB system services: init (Listener ID = 8192)
E/QSEECOMD: (  298): Listener: index = 1, hierarchy = 0
D/QSEECOMD: (  298): Init dlopen(libssd.so, RTLD_NOW) succeeds
D/QSEECOMD: (  298): Init::Init dlsym(g_FSHandle ssd_init_service) succeeds
E/SSD     (  298): ssd_init_service succeeded!
D/QSEECOMD: (  298): Init ssd_init_service ret = 0
D/QSEECOMD: (  298): SSD system services: init (Listener ID = 12288)
E/QSEECOMD: (  298): Listener: index = 2, hierarchy = 0
E/QSEECOMD: (  298): Init dlopen(libsecureui.so, RLTD_NOW) is failed....
D/QSEECOMD: (  298): SEC_UI_INIT failed, shall not start secure ui listener
D/QSEECOMAPI: (  298): QSEECom_get_handle sb_length = 0x400
D/QSEECOMAPI: (  298): App is not loaded in QSEE
D/QC-time-services(  296): Daemon:Value read from RTC seconds = 15889418000
D/QC-time-services(  296): Daemon:genoff_init_config: ATS_RTC initialized
D/QC-time-services(  296): Daemon:genoff_pre_init::Base = 1
D/QC-time-services(  296): Daemon: Storage Name: ats_1
D/QC-time-services(  296): Daemon:Opening File: /data/time/ats_1
D/QC-time-services(  296): Daemon:time_persistent_memory_opr:Genoff Read operation
D/QC-time-services(  296): Daemon: read from file 1401580800 time 19:00:00 05/31/2014
D/QC-time-services(  296): Daemon:genoff_pre_init::Base = 2
D/QC-time-services(  296): Daemon: Storage Name: ats_2
D/QC-time-services(  296): Daemon:Opening File: /data/time/ats_2
D/QC-time-services(  296): Daemon:time_persistent_memory_opr:Genoff Read operation
D/QC-time-services(  296): Daemon: read from file 1401580800 time 19:00:00 05/31/2014
D/QC-time-services(  296): Daemon:genoff_pre_init::Base = 3
D/QC-time-services(  296): Daemon: Storage Name: ats_3
D/QC-time-services(  296): Daemon:Opening File: /data/time/ats_3
D/QC-time-services(  296): Daemon:time_persistent_memory_opr:Genoff Read operation
D/QC-time-services(  296): Daemon:Unable to open filefor read
D/QC-time-services(  296): Daemon:genoff_post_init:Error in accessing storage
D/QC-time-services(  296): Daemon:genoff_pre_init::Base = 4
D/QC-time-services(  296): Daemon: Storage Name: ats_4
D/QC-time-services(  296): Daemon:Opening File: /data/time/ats_4
D/QC-time-services(  296): Daemon:time_persistent_memory_opr:Genoff Read operation
D/QC-time-services(  296): Daemon:Unable to open filefor read
D/QC-time-services(  296): Daemon:genoff_post_init:Error in accessing storage
D/QC-time-services(  296): Daemon:genoff_pre_init::Base = 5
D/QC-time-services(  296): Daemon: Storage Name: ats_5
D/QC-time-services(  296): Daemon:Opening File: /data/time/ats_5
D/QC-time-services(  296): Daemon:time_persistent_memory_opr:Genoff Read operation
D/QC-time-services(  296): Daemon:Unable to open filefor read
D/QC-time-services(  296): Daemon:genoff_post_init:Error in accessing storage
D/QC-time-services(  296): Daemon:genoff_pre_init::Base = 6
D/QC-time-services(  296): Daemon: Storage Name: ats_6
D/QC-time-services(  296): Daemon:Opening File: /data/time/ats_6
D/QC-time-services(  296): Daemon:time_persistent_memory_opr:Genoff Read operation
D/QC-time-services(  296): Daemon:Unable to open filefor read
D/QC-time-services(  296): Daemon:genoff_post_init:Error in accessing storage
D/QC-time-services(  296): Daemon:genoff_pre_init::Base = 7
D/QC-time-services(  296): Daemon: Storage Name: ats_7
D/QC-time-services(  296): Daemon:Opening File: /data/time/ats_7
D/QC-time-services(  296): Daemon:time_persistent_memory_opr:Genoff Read operation
D/QC-time-services(  296): Daemon:Unable to open filefor read
D/QC-time-services(  296): Daemon:genoff_post_init:Error in accessing storage
D/QC-time-services(  296): Daemon:genoff_pre_init::Base = 8
D/QC-time-services(  296): Daemon: Storage Name: ats_8
D/QC-time-services(  296): Daemon:Opening File: /data/time/ats_8
D/QC-time-services(  296): Daemon:time_persistent_memory_opr:Genoff Read operation
D/QC-time-services(  296): Daemon:Unable to open filefor read
D/QC-time-services(  296): Daemon:genoff_post_init:Error in accessing storage
D/QC-time-services(  296): Daemon:genoff_pre_init::Base = 9
D/QC-time-services(  296): Daemon: Storage Name: ats_9
D/QC-time-services(  296): Daemon:Opening File: /data/time/ats_9
D/QC-time-services(  296): Daemon:time_persistent_memory_opr:Genoff Read operation
D/QC-time-services(  296): Daemon:Unable to open filefor read
D/QC-time-services(  296): Daemon:genoff_post_init:Error in accessing storage
D/QC-time-services(  296): Daemon:genoff_pre_init::Base = 10
D/QC-time-services(  296): Daemon: Storage Name: ats_10
D/QC-time-services(  296): Daemon:Opening File: /data/time/ats_10
D/QC-time-services(  296): Daemon:time_persistent_memory_opr:Genoff Read operation
D/QC-time-services(  296): Daemon:Unable to open filefor read
D/QC-time-services(  296): Daemon:genoff_post_init:Error in accessing storage
D/QC-time-services(  296): Daemon:genoff_pre_init::Base = 11
D/QC-time-services(  296): Daemon: Storage Name: ats_11
D/QC-time-services(  296): Daemon:Opening File: /data/time/ats_11
D/QC-time-services(  296): Daemon:time_persistent_memory_opr:Genoff Read operation
D/QC-time-services(  296): Daemon:Unable to open filefor read
D/QC-time-services(  296): Daemon:genoff_post_init:Error in accessing storage
D/QC-time-services(  296): Daemon:genoff_pre_init::Base = 12
D/QC-time-services(  296): Daemon: Storage Name: ats_12
D/QC-time-services(  296): Daemon:Opening File: /data/time/ats_12
D/QC-time-services(  296): Daemon:time_persistent_memory_opr:Genoff Read operation
D/QC-time-services(  296): Daemon:Unable to open filefor read
D/QC-time-services(  296): Daemon:genoff_post_init:Error in accessing storage
D/QC-time-services(  296): Daemon:genoff_pre_init::Base = 13
D/QC-time-services(  296): Daemon: Storage Name: ats_13
D/QC-time-services(  296): Daemon:Opening File: /data/time/ats_13
D/QC-time-services(  296): Daemon:time_persistent_memory_opr:Genoff Read operation
D/QC-time-services(  296): Daemon:Unable to open filefor read
D/QC-time-services(  296): Daemon:genoff_post_init:Error in accessing storage
D/QC-time-services(  296): Daemon:genoff_pre_init::Base = 14
D/QC-time-services(  296): Daemon: Storage Name: ats_14
D/QC-time-services(  296): Daemon:Opening File: /data/time/ats_14
D/QC-time-services(  296): Daemon:time_persistent_memory_opr:Genoff Read operation
D/QC-time-services(  296): Daemon:Unable to open filefor read
D/QC-time-services(  296): Daemon:genoff_post_init:Error in accessing storage
D/QC-time-services(  296): Daemon:genoff_init_config: Other bases initilized, exiting genoff_init
D/QC-time-services(  296): Daemon:Try setting default time
D/QC-time-services(  296): Daemon:genoff_opr: Base = 1, val = 0, operation = 1
D/QC-time-services(  296): Daemon: genoff get for 1
D/QC-time-services(  296): Daemon:rtc_get: Time read from RTC -- MM/DD/YY HH:MM:SS6/3/70 21:43:38
D/QC-time-services(  296): Daemon:Value read from RTC seconds = 15889418000
D/QC-time-services(  296): Daemon:Value read from RTC seconds = 15889418000
D/QC-time-services(  296): Daemon:Value read from generif offset = 1401580800000
D/QC-time-services(  296): Daemon:Final Time = 1417470218000
D/QC-time-services(  296): Daemon:genoff_boot_tod_init: Setting system time to sec =1417470218, nsec =0
E/QC-time-services(  296): Daemon:genoff_boot_tod_init: Unable to set TOD at boot up
E/QC-time-services(  296): Daemon: Unable to set TOD at boot up
D/QC-time-services(  296): Daemon:genoff_modem_qmi_init: Initiallizing QMI
E/mm-camera(  299): server_process_module_init:59, int mods
E/mm-camera-sensor(  299): module_sensor_init:2925 Enter
E/wcnss_service(  301): CAL file not found
D/QSEECOMAPI: (  298): Loaded image: APP id = 2
E/mm-camera(  299): isp_util_gen_hws_caps: integrating kernel vfe is pending
E/mm-camera(  299): isp_tintless_create: using BG stats for tintless!, isp version = 20
E/mm-camera(  299): isp_tintless_open_version: E: 32
E/mm-camera(  299): is_module_init: Enter
E/mm-camera(  299): cpp_hardware_find_subdev:934: no cpp device found.
E/mm-camera(  299): cpp_hardware_create:40: error: cannot find cpp subdev
E/mm-camera(  299): cpp_module_create_cpp_ctrl:177, failed, cannnot create cpp hardware instance
E/mm-camera(  299): cpp_module_init:63 failed
E/mm-camera(  299): vpe_module_init:26 name=vpe
E/mm-camera(  299): vpe_hardware_find_subdev:716: entity.name=video0 entity.revision=0
E/mm-camera(  299): vpe_hardware_find_subdev:716: entity.name=v4l-subdev0 entity.revision=0
E/mm-camera(  299): vpe_hardware_find_subdev:716: entity.name=v4l-subdev1 entity.revision=0
E/mm-camera(  299): vpe_hardware_find_subdev:716: entity.name=v4l-subdev2 entity.revision=0
E/mm-camera(  299): vpe_hardware_find_subdev:716: entity.name=v4l-subdev3 entity.revision=0
E/mm-camera(  299): vpe_hardware_find_subdev:716: entity.name=v4l-subdev4 entity.revision=0
E/mm-camera(  299): vpe_hardware_find_subdev:716: entity.name=v4l-subdev5 entity.revision=0
E/mm-camera(  299): vpe_hardware_find_subdev:716: entity.name=v4l-subdev6 entity.revision=0
E/mm-camera(  299): vpe_hardware_find_subdev:716: entity.name=v4l-subdev7 entity.revision=0
E/mm-camera(  299): vpe_hardware_find_subdev:716: entity.name=v4l-subdev8 entity.revision=0
E/mm-camera(  299): vpe_hardware_find_subdev:716: entity.name=v4l-subdev9 entity.revision=0
E/mm-camera(  299): vpe_hardware_find_subdev:716: entity.name=v4l-subdev10 entity.revision=0
E/mm-camera(  299): vpe_hardware_find_subdev:716: entity.name=v4l-subdev11 entity.revision=0
E/mm-camera(  299): vpe_hardware_find_subdev:711: done enumerating media entities
E/mm-camera(  299): vpe_hardware_find_subdev:716: entity.name=video1 entity.revision=0
E/mm-camera(  299): vpe_hardware_find_subdev:711: done enumerating media entities
E/mm-camera(  299): vpe_hardware_find_subdev:716: entity.name=video2 entity.revision=0
E/mm-camera(  299): vpe_hardware_find_subdev:711: done enumerating media entities
E/mm-camera(  299): vpe_hardware_find_subdev:683: no more media devices
E/mm-camera(  299): vpe_hardware_find_subdev:728: no vpe device found.
E/mm-camera(  299): vpe_hardware_create:31: error: cannot find vpe subdev
E/mm-camera(  299): vpe_module_create_vpe_ctrl:141, failed, cannnot create vpe hardware instance
E/mm-camera(  299): vpe_module_init:34 failed
E/mm-camera(  299): c2d_module_init:28 name=c2d
E/mm-camera(  299): c2d_module_init:67: info: C2D module_init successful
E/mm-camera-img(  299): img_core_get_comp:37] role 0 name qcom.wavelet
E/mm-camera-img(  299): img_core_get_comp:42] comp_index[0] role 0 name qcom.wavelet
E/mm-camera-img(  299): img_core_get_comp:47] find component role 0 name qcom.wavelet
E/mm-camera-img(  299): wd_comp_load:1537] WD library loaded successfully dsp 0
E/mm-camera-img(  299): module_imglib_create_port:1254 portname imglib_d2_i0
E/mm-camera-img(  299): img_core_get_comp:37] role 2 name qcom.faceproc
E/mm-camera-img(  299): img_core_get_comp:42] comp_index[0] role 0 name qcom.wavelet
E/mm-camera-img(  299): img_core_get_comp:42] comp_index[1] role 1 name qcom.hdr
E/mm-camera-img(  299): img_core_get_comp:42] comp_index[2] role 2 name qcom.faceproc
E/mm-camera-img(  299): img_core_get_comp:47] find component role 2 name qcom.faceproc
E/Diag_Lib(  210): Setting internal use port to rmnet0
E/Diag_Lib(  296): Setting internal use port to rmnet0
E/QMI_FW  (  296): QMUXD: WARNING qmi_qmux_if_pwr_up_init failed! rc=-1
E/QMI_FW  (  296): QMUXD: WARNING qmi_qmux_if_pwr_up_init failed! rc=-1
E/QMI_FW  (  296): QMUXD: WARNING qmi_qmux_if_pwr_up_init failed! rc=-1
E/QMI_FW  (  296): QMUXD: WARNING qmi_qmux_if_pwr_up_init failed! rc=-1
E/QMI_FW  (  296): QMUXD: WARNING qmi_qmux_if_pwr_up_init failed! rc=-1
E/QMI_FW  (  296): QMUXD: WARNING qmi_qmux_if_pwr_up_init failed! rc=-1
E/QC-time-services(  296): Daemon:genoff_modem_qmi_init: qmi_client_get_service_list returned -2num_services 0
I/wcnss_service(  301): wcnss_read_and_store_cal_data trying to read cal
I/charger_monitor(  381): Starting charger monitor
D/charger_monitor(  381): vadc path /sys/bus/spmi/devices/qpnp-vadc-df111c00/ vin_min_default 4300000 fast_chg 1
I/qcom-bluetooth(  386): /system/etc/init.qcom.bt.sh: Bluetooth stack is Bluedroid
W/linker  (  299): libmmcamera_faceproc.so has text relocations. This is wasting memory and is a security risk. Please fix.
E/mm-camera-img(  299): img_core_get_comp:37] role 1 name qcom.hdr
E/mm-camera-img(  299): img_core_get_comp:42] comp_index[0] role 0 name qcom.wavelet
E/mm-camera-img(  299): img_core_get_comp:42] comp_index[1] role 1 name qcom.hdr
E/mm-camera-img(  299): img_core_get_comp:47] find component role 1 name qcom.hdr
D/charger_monitor(  381): skipped uevent listening
D/charger_monitor(  381): init target 1500000
I/Gecko   (  454): [454] WARNING: Tried to RegisterCallback without an AtExitManager: file /builds/slave/b2g_b2g-in_flm-kk_eng_dep-0000/build/gecko/ipc/chromium/src/base/at_exit.cc, line 40
D/charger_monitor(  381): AICL: start
I/mediaserver(  201): ServiceManager: 0xb81b6448
I/AudioFlinger(  201): Using default 3000 mSec as standby time.
E/MediaPlayerFactory(  201): calling dlopen on FACTORY_LIB
D/QSEECOMD: (  298): Parent qseecom daemon process paused!!
I/rmt_storage(  329): No EBR found
V/AudioDaemonMain(  300): Audio daemon starting sequence..
I/rmt_storage(  329): Error (-1) parsing MBR partitions
I/rmt_storage(  329): Registering modemst1: 0x4a /boot/modem_fs1
I/rmt_storage(  329): Registering modemst2: 0x4b /boot/modem_fs2
I/rmt_storage(  329): Registering fsg: 0x58 /boot/modem_fsg
I/rmt_storage(  329): Registering ssd: 0x5d ssd
I/rmt_storage(  329): Registering fsc: 0xff /boot/modem_fsc
I/rmt_storage(  329): 5 GPT partitions found
V/AudioDaemon(  300): Start audiod daemon
V/AudioDaemon(  300): readyToRun: open snd card state node files
V/AudioDaemon(  300): Start threadLoop()
D/AudioDaemon(  300): Opening sound card state : /proc/asound/card---/state
E/AudioDaemon(  300): Open /proc/asound/card---/state failed : No such file or directory
V/AudioDaemon(  300): bool android::AudioDaemon::getStateFDs(std::vector<std::pair<int, int> >&): 0 sound cards detected
E/AudioDaemon(  300): Sleeping for 100 ms
D/charger_monitor(  381): AICL: step up: input_current_max 600000 usb_target_ua 1500000
E/MediaPlayerFactory(  201): calling dlsym on pFactoryLib for FACTORY_CREATE_FN
E/MediaPlayerFactory(  201): registering DASH Player factory...
D/charger_monitor(  381): AICL: step up: input_current_max 700000 usb_target_ua 1500000
D/QSEECOMD: (  506): qseecom listener service threads starting!!!
D/QSEECOMD: (  506): Total listener services to start = 5
E/QSEECOMD: (  506): Listener: index = 0, hierarchy = 1
D/QSEECOMD: (  506): Init dlopen(librpmb.so, RTLD_NOW) succeeds
D/QSEECOMD: (  506): Init::Init dlsym(g_FSHandle rpmb_start) succeeds
D/QSEECOMAPI: (  506): QSEECom_register_listener 8192 sb_length = 0x5000
D/QSEECOMD: (  506): Init rpmb_start ret = 0
D/QSEECOMD: (  506): RPMB system services: Started (Listener ID = 8192)
E/QSEECOMD: (  506): Listener: index = 1, hierarchy = 1
D/QSEECOMD: (  506): Init dlopen(libssd.so, RTLD_NOW) succeeds
D/QSEECOMD: (  506): Init::Init dlsym(g_FSHandle ssd_start) succeeds
D/QSEECOMAPI: (  506): QSEECom_register_listener 12288 sb_length = 0x5000
I/CameraService(  201): CameraService started (pid=201)
D/QSEECOMD: (  506): Init ssd_start ret = 0
D/QSEECOMD: (  506): SSD system services: Started (Listener ID = 12288)
E/QSEECOMD: (  506): Listener: index = 2, hierarchy = 1
E/QSEECOMD: (  506): Init dlopen(libsecureui.so, RLTD_NOW) is failed....
E/QSEECOMD: (  506): Listener: index = 3, hierarchy = 1
D/charger_monitor(  381): AICL: step up: input_current_max 800000 usb_target_ua 1500000
I/rmt_storage(  329): rmt_storage_connect_cb: clnt_h=0x1 conn_h=0xb7215da8
I/rmt_storage(  329): rmt_storage_open_cb: /boot/modem_fs1: clnt_h=0x1: req_h=0x1 msg_id=1: Client found
I/rmt_storage(  329): rmt_storage_open_cb: /boot/modem_fs1: clnt_h=0x1: req_h=0x1 msg_id=1: Send response: res=0 err=0
I/rmt_storage(  329): rmt_storage_connect_cb: clnt_h=0x2 conn_h=0xb7215e00
I/rmt_storage(  329): rmt_storage_open_cb: /boot/modem_fs2: clnt_h=0x2: req_h=0x2 msg_id=1: Client found
I/rmt_storage(  329): rmt_storage_open_cb: /boot/modem_fs2: clnt_h=0x2: req_h=0x2 msg_id=1: Send response: res=0 err=0
D/QSEECOMD: (  506): Init dlopen(libdrmtime.so, RTLD_NOW) succeeds
D/QSEECOMD: (  506): Init::Init dlsym(g_FSHandle atime_start) succeeds
D/QSEECOMAPI: (  506): QSEECom_register_listener 11 sb_length = 0x5000
D/QSEECOMD: (  506): Init atime_start ret = 0
D/QSEECOMD: (  506): time services: Started (Listener ID = 11)
E/QSEECOMD: (  506): Listener: index = 4, hierarchy = 1
D/QSEECOMD: (  506): Init dlopen(libdrmfs.so, RTLD_NOW) succeeds
D/QSEECOMD: (  506): Init::Init dlsym(g_FSHandle fs_start) succeeds
D/QSEECOMAPI: (  506): QSEECom_register_listener 10 sb_length = 0x5000
D/QSEECOMD: (  506): Init fs_start ret = 0
D/QSEECOMD: (  506): file system services: Started (Listener ID = 10)
D/QSEECOMD: (  506): QSEECOM DAEMON RUNNING
I/rmt_storage(  329): rmt_storage_connect_cb: clnt_h=0x3 conn_h=0xb7215e58
I/rmt_storage(  329): rmt_storage_open_cb: /boot/modem_fsg: clnt_h=0x3: req_h=0x3 msg_id=1: Client found
I/rmt_storage(  329): rmt_storage_open_cb: /boot/modem_fsg: clnt_h=0x3: req_h=0x3 msg_id=1: Send response: res=0 err=0
I/rmt_storage(  329): rmt_storage_connect_cb: clnt_h=0x4 conn_h=0xb7215eb0
I/rmt_storage(  329): rmt_storage_open_cb: /boot/modem_fsc: clnt_h=0x4: req_h=0x4 msg_id=1: Client found
I/rmt_storage(  329): rmt_storage_open_cb: /boot/modem_fsc: clnt_h=0x4: req_h=0x4 msg_id=1: Send response: res=0 err=0
I/rmt_storage(  329): rmt_storage_client_thread: /boot/modem_fsg: clnt_h=0x3 Worker thread started
I/rmt_storage(  329): wake lock name: rmt_storage_-1222548352, name creation success: 23
I/rmt_storage(  329): rmt_storage_alloc_buff_cb: /boot/modem_fs1: clnt_h=0x1: req_h=0x5 msg_id=4: Alloc request received: Size: 1572864
I/rmt_storage(  329): rmt_storage_alloc_buff_cb: /boot/modem_fs1: clnt_h=0x1: req_h=0x5 msg_id=4: Send response: res=0 err=0
I/rmt_storage(  329): rmt_storage_client_thread: /boot/modem_fsc: clnt_h=0x4 Worker thread started
I/rmt_storage(  329): wake lock name: rmt_storage_-1222547768, name creation success: 23
I/rmt_storage(  329): rmt_storage_rw_iovec_cb: /boot/modem_fs1: clnt_h=0x1: req_h=0x6 msg_id=3: R/W request received
I/rmt_storage(  329): Shared mem address set to 0xb697b000
I/rmt_storage(  329): wakelock acquired: 1, error no: 42
D/charger_monitor(  381): AICL: step up: input_current_max 900000 usb_target_ua 1500000
W/        (  205): could not open framebuffer
D/charger_monitor(  381): AICL: step up: input_current_max 1000000 usb_target_ua 1500000
E/mm-camera-img(  299): hdr_comp_load:1146] HDR library loaded successfully
E/hdr     (  299): Port hdr_dummy initialized
E/mm-camera-img(  299): module_imglib_create_dummy_port:1362 portname imglib_dymmy_d1_i0
I/rmt_storage(  329): rmt_storage_client_thread: /boot/modem_fs1: clnt_h=0x1 Worker thread started
I/rmt_storage(  329): wake lock name: rmt_storage_-1222549784, name creation success: 23
I/rmt_storage(  329): rmt_storage_client_thread: /boot/modem_fs2: clnt_h=0x2 Worker thread started
I/rmt_storage(  329): wake lock name: rmt_storage_-1222548936, name creation success: 23
D/charger_monitor(  381): AICL: step up: input_current_max 1100000 usb_target_ua 1500000
I/rmt_storage(  329): rmt_storage_client_thread: /boot/modem_fs1: clnt_h=0x1: req_h=0x6 msg_id=3: Bytes read = 512
I/rmt_storage(  329): rmt_storage_client_thread: /boot/modem_fs1: clnt_h=0x1: req_h=0x6 msg_id=3: Send response: res=0 err=0
I/rmt_storage(  329): rmt_storage_client_thread: /boot/modem_fs1: clnt_h=0x1 About to block rmt_storage client thread (th_id: -1222549784) wakelock released: 0, error no: 22
I/rmt_storage(  329):
I/rmt_storage(  329): rmt_storage_rw_iovec_cb: /boot/modem_fs2: clnt_h=0x2: req_h=0x7 msg_id=3: R/W request received
I/rmt_storage(  329): Shared mem address set to 0xb697b000
I/rmt_storage(  329): wakelock acquired: 1, error no: 42
I/rmt_storage(  329): rmt_storage_client_thread: /boot/modem_fs2: clnt_h=0x2 Unblock worker thread (th_id: -1222548936)
D/mm-camera-intf(  201): index = 0 flag = 3 mount_angle = 270 facing = 0
D/mm-camera-intf(  201): index = 1 flag = 103 mount_angle = 270 facing = 1
I/rmt_storage(  329): rmt_storage_client_thread: /boot/modem_fs2: clnt_h=0x2: req_h=0x7 msg_id=3: Bytes read = 512
I/rmt_storage(  329): rmt_storage_client_thread: /boot/modem_fs2: clnt_h=0x2: req_h=0x7 msg_id=3: Send response: res=0 err=0
I/rmt_storage(  329): rmt_storage_client_thread: /boot/modem_fs2: clnt_h=0x2 About to block rmt_storage client thread (th_id: -1222548936) wakelock released: 1, error no: 0
I/rmt_storage(  329):
I/CameraService(  201): Loaded "QCamera Module" camera module
I/rmt_storage(  329): rmt_storage_rw_iovec_cb: /boot/modem_fs2: clnt_h=0x2: req_h=0x8 msg_id=3: R/W request received
I/rmt_storage(  329): wakelock acquired: 1, error no: 42
I/rmt_storage(  329): rmt_storage_client_thread: /boot/modem_fs2: clnt_h=0x2 Unblock worker thread (th_id: -1222548936)
D/charger_monitor(  381): AICL: step up: input_current_max 1200000 usb_target_ua 1500000
D/charger_monitor(  381): AICL: step up: input_current_max 1300000 usb_target_ua 1500000
D/charger_monitor(  381): AICL: step up: input_current_max 1400000 usb_target_ua 1500000
D/charger_monitor(  381): AICL: step up: input_current_max 1500000 usb_target_ua 1500000
D/AudioDaemon(  300): Opening sound card state : /proc/asound/card0/state
V/AudioDaemon(  300): bool android::AudioDaemon::getStateFDs(std::vector<std::pair<int, int> >&): 1 sound cards detected
D/AudioDaemon(  300): read for sound card state change before while
D/AudioDaemon(  300): sound card state file content: ONLINE
D/AudioDaemon(  300): � before while
E/AudioDaemon(  300): put cur_state to online
D/AudioDaemon(  300): cur_state=0, bootup_complete=0
E/AudioDaemon(  300): sound card up is deteced before while
E/AudioDaemon(  300): bootup_complete set to 1
D/AudioDaemon(  300): poll() for sound card state change
I/AudioPolicyManagerBase(  201): loadAudioPolicyConfig() loaded /system/etc/audio_policy.conf
I/rmt_storage(  329): rmt_storage_client_thread: /boot/modem_fs2: clnt_h=0x2: req_h=0x8 msg_id=3: Bytes read = 1571840
I/rmt_storage(  329): rmt_storage_client_thread: /boot/modem_fs2: clnt_h=0x2: req_h=0x8 msg_id=3: Send response: res=0 err=0
I/rmt_storage(  329): rmt_storage_client_thread: /boot/modem_fs2: clnt_h=0x2 About to block rmt_storage client thread (th_id: -1222548936) wakelock released: 1, error no: 0
I/rmt_storage(  329):
D/audio_hw_primary(  201): adev_open: enter
D/charger_monitor(  381): AICL: reached target, no vchg loop was on
E/charger_monitor(  381): failed to start wakelock timer
D/charger_monitor(  381): init target 1500000
D/charger_monitor(  381): init target 1500000
D/charger_monitor(  381): init target 1500000
E/audio_route(  201): Control 'RX2 MIX2 INP2' doesn't exist - skipping
E/audio_route(  201): Control 'RX1 MIX2 INP2' doesn't exist - skipping
E/audio_route(  201): Control 'MI2S_DL_HL Switch' doesn't exist - skipping
E/audio_route(  201): Control 'MI2S_DL_HL Switch' doesn't exist - skipping
D/charger_monitor(  381): init target 1500000
D/msm8974_platform(  201): platform_init: Opened sound card:0
D/ACDB-LOADER(  201): ACDB -> Load file: /etc/acdbdata/QRD/QRD_Bluetooth_cal.acdb
D/ACDB-LOADER(  201): ACDB -> Load file: /etc/acdbdata/QRD/QRD_General_cal.acdb
D/ACDB-LOADER(  201): ACDB -> Load file: /etc/acdbdata/QRD/QRD_Global_cal.acdb
D/ACDB-LOADER(  201): ACDB -> Load file: /etc/acdbdata/QRD/QRD_Handset_cal.acdb
D/ACDB-LOADER(  201): ACDB -> Load file: /etc/acdbdata/QRD/QRD_Hdmi_cal.acdb
D/ACDB-LOADER(  201): ACDB -> Load file: /etc/acdbdata/QRD/QRD_Headset_cal.acdb
D/ACDB-LOADER(  201): ACDB -> Load file: /etc/acdbdata/QRD/QRD_Speaker_cal.acdb
D/ACDB-LOADER(  201): ACDB -> ACDB_CMD_INITIALIZE_V2
D/ACDB-LOADER(  201): ACDB -> ACPH INIT
D/        (  201): [ACPH]->Online service registered with ACPH
D/        (  201): [ACPH]->ACPH init success
D/ACDB-LOADER(  201): ACDB -> RTAC INIT
D/        (  201): [ACPH]->DSP RTC service registered with ACPH
D/ACDB-LOADER(  201): ACDB -> ADIE RTAC INIT
D/        (  201): [ACPH]->ADIE RTC service registered with ACPH
D/ACDB-LOADER(  201): No existing ION info in ACDB driver
D/ACDB-LOADER(  201): ACDB -> ION_IOC_ALLOC
D/ACDB-LOADER(  201): ACDB -> ION_IOC_SHARE
D/ACDB-LOADER(  201): ACDB -> MMAP ADDR
D/ACDB-LOADER(  201): ACDB -> register MEM to ACDB driver: 0xb5ddf000
D/ACDB-LOADER(  201): ACDB -> send_asm_topology
D/ACDB-LOADER(  201): ACDB -> ACDB_CMD_GET_AUDPROC_STREAM_TOPOLOGY_ID
D/ACDB-LOADER(  201): ACDB -> send_adm_custom_topology
D/ACDB-LOADER(  201): ACDB -> ACDB_CMD_GET_AUDIO_COPP_TOPOLOGIES
D/ACDB-LOADER(  201): ACDB -> AUDIO_SET_ADM_CUSTOM_TOPOLOGY
D/ACDB-LOADER(  201): ACDB -> send_asm_custom_topology
D/ACDB-LOADER(  201): ACDB -> ACDB_CMD_GET_AUDIO_POPP_TOPOLOGIES
D/        (  201): ACDBFILE_MGR: Property for the pid 00012E48 not found
D/        (  201): ACDB_COMMAND: Failed to fetch the property info for pid 00012E48
E/ACDB-LOADER(  201): Error: ACDB get asm topologies returned = -18
D/ACDB-LOADER(  201): ACDB -> AUDIO_SET_ASM_CUSTOM_TOPOLOGY
D/ACDB-LOADER(  201): send mbhc data
D/ACDB-LOADER(  201): ACDB -> ACDB_CMD_GET_ANC_SETTING
D/        (  201): Invalid AV file. It doesnt contain LUT for tblid 0000000A
D/        (  201): Failed to fetch the lookup information of the device 0000001A
E/ACDB-LOADER(  201): Error: ACDB ANC returned = -1
D/ACDB-LOADER(  201): ACDB -> ACDB_CMD_GET_ANC_SETTING
D/        (  201): Invalid AV file. It doesnt contain LUT for tblid 0000000A
D/        (  201): Failed to fetch the lookup information of the device 0000001B
E/ACDB-LOADER(  201): Error: ACDB ANC returned = -1
D/ACDB-LOADER(  201): ACDB -> ACDB_CMD_GET_ANC_SETTING
D/        (  201): Invalid AV file. It doesnt contain LUT for tblid 0000000A
D/        (  201): Failed to fetch the lookup information of the device 0000001C
E/ACDB-LOADER(  201): Error: ACDB ANC returned = -1
D/ACDB-LOADER(  201): ACDB -> ACDB_CMD_GET_ANC_SETTING
D/        (  201): Invalid AV file. It doesnt contain LUT for tblid 0000000A
D/        (  201): Failed to fetch the lookup information of the device 0000001D
E/ACDB-LOADER(  201): Error: ACDB ANC returned = -1
D/ACDB-LOADER(  201): ACDB -> ACDB_CMD_GET_ANC_SETTING
D/        (  201): Invalid AV file. It doesnt contain LUT for tblid 0000000A
D/        (  201): Failed to fetch the lookup information of the device 0000001E
E/ACDB-LOADER(  201): Error: ACDB ANC returned = -1
D/ACDB-LOADER(  201): ACDB -> ACDB_CMD_GET_ANC_SETTING
D/        (  201): Invalid AV file. It doesnt contain LUT for tblid 0000000A
D/        (  201): Failed to fetch the lookup information of the device 0000001F
E/ACDB-LOADER(  201): Error: ACDB ANC returned = -1
D/ACDB-LOADER(  201): ACDB -> ACDB_CMD_GET_ANC_SETTING
D/        (  201): Invalid AV file. It doesnt contain LUT for tblid 0000000A
D/        (  201): Failed to fetch the lookup information of the device 00000067
E/ACDB-LOADER(  201): Error: ACDB ANC returned = -1
D/ACDB-LOADER(  201): ACDB -> init done!
D/platform_parser(  201): platform_info_init: Failed to open /system/etc/platform_info.xml, using defaults.
D/audio_hw_ssr(  201): audio_extn_ssr_update_enabled: surround sound recording is not supported
I/AudioFlinger(  201): loadHwModule() Loaded primary audio interface from QCOM Audio HAL (audio) handle 1
I/AudioFlinger(  201): HAL output buffer size 960 frames, normal mix buffer size 960 frames
I/AudioMixer(  201): found effect "Multichannel Downmix To Stereo" from The Android Open Source Project
I/AudioFlinger(  201): Using module 1 has the primary audio interface
I/AudioFlinger(  201): AudioFlinger's thread 0xb5d90008 ready to run
W/AudioFlinger(  201): Thread AudioOut_2 cannot connect to the power manager service
D/audio_hw_primary(  201): out_set_parameters: enter: usecase(0: deep-buffer-playback) kvpairs: routing=2
D/audio_hw_extn(  201): audio_extn_set_anc_parameters: anc_enabled:0
W/AudioFlinger(  201): Thread AudioOut_2 cannot connect to the power manager service
W/AudioFlinger(  201): Thread AudioOut_2 cannot connect to the power manager service
E/AudioFlinger(  201): no wake lock to update!
I/audio_a2dp_hw(  201): adev_open:  adev_open in A2dp_hw module
I/AudioFlinger(  201): loadHwModule() Loaded a2dp audio interface from A2DP Audio HW HAL (audio) handle 3
I/AudioFlinger(  201): loadHwModule() Loaded usb audio interface from USB audio HW HAL (audio) handle 4
I/r_submix(  201): adev_open(name=audio_hw_if)
I/r_submix(  201): adev_init_check()
I/AudioFlinger(  201): loadHwModule() Loaded r_submix audio interface from Wifi Display audio HAL (audio) handle 5
I/AudioPolicyService(  201): Loaded audio policy from LEGACY Audio Policy HAL (audio_policy)
I/qdhwcomposer(  205): Initializing Qualcomm Hardware Composer
I/qdhwcomposer(  205): MDP version: 304
D/qdhwcomposer(  205): hwc_getDisplayAttributes disp = 0, width = 480
D/qdhwcomposer(  205): hwc_getDisplayAttributes disp = 0, height = 854
E/qdhwcomposer(  205): Unknown display attribute 0
I/QCOM PowerHAL(  205): QCOM power HAL initing.
D/qdhwcomposer(  205): hwc_blank: Unblanking display: 0
D/qdhwcomposer(  205): hwc_blank: Done unblanking display: 0
W/Gonk    (  205): Could not open boot animation
W/Gonk    (  205): Show solid color frame for bootAnim
D/qdutils (  205): DEBUG_CALC_FPS: 0
D/qdutils (  205): period: 10
D/qdutils (  205): ignorethresh_us: 500000
E/Diag_Lib(  351): qmi_init:  Not initialized, calling process init sequence
E/Diag_Lib(  351): Setting internal use port to rmnet0
E/Diag_Lib(  340): qmi_init:  Not initialized, calling process init sequence
E/Diag_Lib(  340): Setting internal use port to rmnet0
I/GeckoConsole(  205): Could not read chrome manifest 'file:///system/b2g/chrome.manifest'.
D/charger_monitor(  381): init target 1500000
D/charger_monitor(  381): init target 1500000
E/QMI_FW  (  296): QMUXD: WARNING qmi_qmux_if_pwr_up_init failed! rc=-1
E/QMI_FW  (  296): QMUXD: WARNING qmi_qmux_if_pwr_up_init failed! rc=-1
E/QMI_FW  (  296): QMUXD: WARNING qmi_qmux_if_pwr_up_init failed! rc=-1
E/QC-time-services(  296): Daemon:genoff_modem_qmi_init: qmi_client_get_service_list returned 0num_services 1
E/QMI_FW  (  296): QMUXD: WARNING qmi_qmux_if_pwr_up_init failed! rc=-1
E/QMI_FW  (  296): QMUXD: WARNING qmi_qmux_if_pwr_up_init failed! rc=-1
E/QMI_FW  (  296): QMUXD: WARNING qmi_qmux_if_pwr_up_init failed! rc=-1
E/QMI_FW  (  296): QMUXD: WARNING qmi_qmux_if_pwr_up_init failed! rc=-1
E/QMI_FW  (  296): QMUXD: WARNING qmi_qmux_if_pwr_up_init failed! rc=-1
E/QMI_FW  (  296): QMUXD: WARNING qmi_qmux_if_pwr_up_init failed! rc=-1
E/QMI_FW  (  296): QMUXD: WARNING qmi_qmux_if_pwr_up_init failed! rc=-1
E/QMI_FW  (  296): QMUXD: WARNING qmi_qmux_if_pwr_up_init failed! rc=-1
E/QMI_FW  (  296): QMUXD: WARNING qmi_qmux_if_pwr_up_init failed! rc=-1
D/QC-time-services(  296): Daemon:rtc_get: Time read from RTC -- MM/DD/YY HH:MM:SS6/3/70 21:43:40
D/QC-time-services(  296): Daemon:Value read from RTC seconds = 15889420000
D/QC-time-services(  296): Daemon:genoff_modem_qmi_init: Initial transaction successfull
E/QC-time-services(  296): Daemon:tod_update_ind_cb: Got Update from modem msg_id 40
D/QC-time-services(  296): Daemon: Time-services: All initializations done
E/QC-time-services(  296): Daemon: Time-services: Waiting to acceptconnection
D/charger_monitor(  381): init target 1500000
V/NatController(  197): runCmd(/system/bin/iptables -F natctrl_FORWARD) res=0
V/NatController(  197): runCmd(/system/bin/iptables -A natctrl_FORWARD -j DROP) res=0
V/NatController(  197): runCmd(/system/bin/iptables -t nat -F natctrl_nat_POSTROUTING) res=0
V/NatController(  197): runCmd(/system/bin/ip route flush cache) res=0
V/NatController(  197): runCmd(/system/bin/iptables -F natctrl_tether_counters) res=1
I/ThermalEngine(  210): qmi: Instance id 45 for fusion TS
I/ThermalEngine(  210): MODEM thermal mitigation available.
I/ThermalEngine(  210): ACTION: MODEM - Pending request: pa mitigation succeeded for level 0.
I/ThermalEngine(  210): Mitigation:Modem:0
I/ThermalEngine(  210): ACTION: MODEM - Pending request: cpuv_restriction_cold mitigation succeeded for level 0.
I/ThermalEngine(  210): Mitigation:VDD[MODEM-cpuv_restriction_cold]:0
I/ThermalEngine(  210): ADSP thermal mitigation available.
V/NatController(  197): runCmd(/system/bin/iptables -X natctrl_tether_counters) res=1
I/ThermalEngine(  210): ACTION: ADSP - Pending request: cpuv_restriction_cold mitigation succeeded for level 0.
I/ThermalEngine(  210): Mitigation:VDD[ADSP-cpuv_restriction_cold]:0
V/NatController(  197): runCmd(/system/bin/iptables -N natctrl_tether_counters) res=0
E/ServiceManager(  190): add_service('android.security.keystore',0xc) uid=0 - ALREADY REGISTERED, OVERRIDE
I/ServiceManager(  190): service 'android.security.keystore' died
I/VolumeManager(  205): changing state from 'Uninitialized' to 'Starting'
I/VolumeManager(  205): Connected to vold
I/VolumeManager(  205): Volume sdcard (1): changing state from Init to Idle (1 observers)
I/VolumeManager(  205): Volume sdcard1 (2): changing state from Init to NoMedia (1 observers)
I/VolumeManager(  205): Volume sdcard1: IsRemovable set to 1 state NoMedia
I/VolumeManager(  205): Volume sdcard1: IsHotSwappable set to 1 state NoMedia
I/VolumeManager(  205): Unable to open volume configuration file '/system/etc/volume.cfg' - ignoring
I/VolumeManager(  205): READY: Volume: sdcard (1) is Idle and inserted @ /storage/sdcard gen -1 locked 1
I/VolumeManager(  205): READY:   Sharing dis Mounting n Formating n Unmounting n
I/VolumeManager(  205): READY: Volume: sdcard1 (2) is NoMedia and missing @ /storage/sdcard1 gen -1 locked 1
I/VolumeManager(  205): READY:   Sharing dis Mounting n Formating n Unmounting n
I/VolumeManager(  205): changing state from 'Starting' to 'Volumes Ready'
I/AutoMounter(  205): AutoMounter state changed from IDLE to UMS_CONFIGURED
I/AutoMounter(  205): UpdateState: ums:A1C1E0 mtp:A1C0E0 mode:0 usb:1 tryToShare:0 state:UMS_CONFIGURED
I/AutoMounter(  205): UpdateState: Volume sdcard is Idle and inserted
I/AutoMounter(  205): UpdateState: Mounting sdcard
I/VolumeManager(  205): Volume sdcard (1): changing state from Idle to Checking (2 observers)
E/Vold    (  191): Volume::mountVol DeviceNodes n:1
I/Vold    (  191): /dev/block/vold/179:30 being considered for volume sdcard
D/Vold    (  191): Volume sdcard state changing 1 (Idle-Unmounted) -> 3 (Checking)
W/Vold    (  191): Skipping fs checks
D/Vold    (  191): blkid identified as /dev/block/vold/179:30: LABEL="Internal SD" UUID="D32E-8B14" TYPE="vfat"
I/VolumeManager(  205): Volume sdcard (1): changing state from Checking to Check-Mounted (2 observers)
I/AutoMounter(  205): AutoMounter state changed from UMS_CONFIGURED to IDLE
I/AutoMounter(  205): UpdateState: ums:A1C1E0 mtp:A1C0E0 mode:0 usb:1 tryToShare:0 state:IDLE
I/AutoMounter(  205): UpdateState: Volume sdcard is Check-Mounted and inserted
D/Vold    (  191): Volume sdcard state changing 3 (Checking) -> 4 (Mounted)
I/Gecko   (  205): MobileConnectionService: init complete
I/Gecko   (  205): 1417470221802	Marionette	INFO	Marionette enabled via build flag and pref
I/VolumeManager(  205): Volume sdcard (1): changing state from Check-Mounted to Mounted @ '/storage/sdcard' (2 observers) mountGeneration = 1, locked = 1
I/AutoMounter(  205): UpdateState: Volume sdcard1 is NoMedia and missing
D/charger_monitor(  381): init target 1500000
D/MDnsDS  (  197): MDnsSdListener::Hander starting up
D/MDnsDS  (  197): MDnsSdListener starting to monitor
D/MDnsDS  (  197): Going to poll with pollCount 1
I/Gecko   (  205): 1417470222909	Marionette	INFO	Listening on port 2828
D/EventHub(  205): No input device configuration file found for device 'msm8x10-skuaa-snd-card Headset Jack'.
I/EventHub(  205): New device: id=1, fd=71, path='/dev/input/event8', name='msm8x10-skuaa-snd-card Headset Jack', classes=0x80, configuration='', keyLayout='', keyCharacterMap='', builtinKeyboard=false, usingSuspendBlockIoctl=true, usingClockIoctl=true
D/EventHub(  205): No input device configuration file found for device 'msm8x10-skuaa-snd-card Button Jack'.
W/EventHub(  205): Unable to disable kernel key repeat for /dev/input/event7: Function not implemented
I/EventHub(  205): New device: id=2, fd=73, path='/dev/input/event7', name='msm8x10-skuaa-snd-card Button Jack', classes=0x41, configuration='', keyLayout='/system/usr/keylayout/Generic.kl', keyCharacterMap='/system/usr/keychars/Generic.kcm', builtinKeyboard=false, usingSuspendBlockIoctl=true, usingClockIoctl=true
D/EventHub(  205): No input device configuration file found for device 'qpnp_pon'.
W/EventHub(  205): Unable to disable kernel key repeat for /dev/input/event5: Function not implemented
I/EventHub(  205): New device: id=3, fd=74, path='/dev/input/event5', name='qpnp_pon', classes=0x1, configuration='', keyLayout='/system/usr/keylayout/Generic.kl', keyCharacterMap='/system/usr/keychars/Generic.kcm', builtinKeyboard=false, usingSuspendBlockIoctl=true, usingClockIoctl=true
D/EventHub(  205): No input device configuration file found for device 'compass'.
D/EventHub(  205): No input device configuration file found for device 'bma2x2'.
D/EventHub(  205): No input device configuration file found for device 'stk3x1x-ps'.
D/EventHub(  205): No input device configuration file found for device 'stk3x1x-als'.
D/EventHub(  205): No input device configuration file found for device 'gpio-keys'.
W/EventHub(  205): Unable to disable kernel key repeat for /dev/input/event6: Function not implemented
I/EventHub(  205): New device: id=8, fd=75, path='/dev/input/event6', name='gpio-keys', classes=0x1, configuration='', keyLayout='/system/usr/keylayout/gpio-keys.kl', keyCharacterMap='/system/usr/keychars/Generic.kcm', builtinKeyboard=false, usingSuspendBlockIoctl=true, usingClockIoctl=true
D/EventHub(  205): No input device configuration file found for device 'Goodix-TS'.
W/EventHub(  205): Unable to disable kernel key repeat for /dev/input/event0: Function not implemented
