I/EventHub(  205): New device: id=9, fd=76, path='/dev/input/event0', name='Goodix-TS', classes=0x15, configuration='', keyLayout='/system/usr/keylayout/Generic.kl', keyCharacterMap='/system/usr/keychars/Generic.kcm', builtinKeyboard=false, usingSuspendBlockIoctl=true, usingClockIoctl=true
I/InputReader(  205): Device added: id=-1, name='Virtual', sources=0x00000301
I/InputReader(  205): Device reconfigured: id=9, name='Goodix-TS', size 480x854, orientation 0, mode 1, display id 0
I/InputReader(  205): Device added: id=9, name='Goodix-TS', sources=0x00001103
I/InputReader(  205): Device added: id=8, name='gpio-keys', sources=0x00000101
I/InputReader(  205): Device added: id=3, name='qpnp_pon', sources=0x00000101
I/InputReader(  205): Device added: id=2, name='msm8x10-skuaa-snd-card Button Jack', sources=0x00000501
I/InputReader(  205): Device added: id=1, name='msm8x10-skuaa-snd-card Headset Jack', sources=0x80000000
E/Sensors (  205): couldn't find 'lightsensor-level' input device
I/rmt_storage(  329): rmt_storage_connect_cb: clnt_h=0x5 conn_h=0xb7216178
I/rmt_storage(  329): rmt_storage_rw_iovec_cb: /boot/modem_fs1: clnt_h=0x1: req_h=0x9 msg_id=3: R/W request received
I/rmt_storage(  329): wakelock acquired: 1, error no: 42
I/rmt_storage(  329): rmt_storage_client_thread: /boot/modem_fs1: clnt_h=0x1 Unblock worker thread (th_id: -1222549784)
E/Sensors (  205): couldn't find 'cm36283-ls' input device
I/rmt_storage(  329): rmt_storage_client_thread: /boot/modem_fs1: clnt_h=0x1: req_h=0x9 msg_id=3: Bytes written = 1572864
I/rmt_storage(  329): rmt_storage_client_thread: /boot/modem_fs1: clnt_h=0x1: req_h=0x9 msg_id=3: Send response: res=0 err=0
I/rmt_storage(  329): rmt_storage_client_thread: /boot/modem_fs1: clnt_h=0x1 About to block rmt_storage client thread (th_id: -1222549784) wakelock released: 1, error no: 22
I/rmt_storage(  329):
I/rmt_storage(  329): rmt_storage_disconnect_cb: clnt_h=0x0x5 conn_h=0x0xb7216178
E/Sensors (  205): couldn't find 'proximity' input device
E/Sensors (  205): couldn't find 'cm36283-ps' input device
E/Sensors (  205): couldn't find 'MPU3050' input device
E/Sensors (  205): get sensor chip id is 248
E/Sensors (  205): couldn't find 'bmp18x' input device
D/Sensors (  205): ID_M = 1, handle = 1, en = 0
E/Sensors (  205): change G sensor state "0 -> 90"
D/Sensors (  205): ID_M = 1, handle = 2, en = 0
E/Sensors (  205): change G sensor state "90 -> 0"
E/Sensors (  205): change G sensor state "0 -> 1"
I/HWComposer(  205): Creating new instance
I/qdhwcomposer(  205): hwc_registerProcs
I/qdhwcomposer(  205): Initializing UEVENT Thread
I/qdhwcomposer(  205): Initializing VSYNC Thread
I/qdhwcomposer(  205): vsync_loop: Reading event 0 for dpy 0 from /sys/class/graphics/fb0/vsync_event
I/qdhwcomposer(  205): vsync_loop: Reading event 1 for dpy 0 from /sys/class/graphics/fb0/show_blank_event
I/qdhwcomposer(  205): vsync_loop: Reading event 0 for dpy 1 from /sys/class/graphics/fb-1/vsync_event
I/qdhwcomposer(  205): vsync_loop: Reading event 1 for dpy 1 from /sys/class/graphics/fb-1/show_blank_event
E/Diag_Lib(  359): qmi_init:  Not initialized, calling process init sequence
E/Diag_Lib(  359): Setting internal use port to rmnet0
I/Gecko:DumpUtils(  205): nsVolume: sdcard state Mounted @ '/storage/sdcard' gen 1 locked 0 fake 0 media 1 sharing 0 formatting 0 unmounting 0 removable 0 hotswappable 0
I/AutoMounter(  205): AutoMounter state changed from IDLE to UMS_CONFIGURED
I/AutoMounter(  205): UpdateState: ums:A1C1E0 mtp:A1C0E0 mode:0 usb:1 tryToShare:0 state:UMS_CONFIGURED
I/AutoMounter(  205): UpdateState: Volume sdcard is Mounted and inserted @ /storage/sdcard gen 1 locked 0 sharing dis
I/AutoMounter(  205): UpdateState: Volume sdcard1 is NoMedia and missing
I/PerformanceTiming(  205): Performance Entry: b2g|mark|gecko-shell-html-load|514.175000|0.000000|1417470224654
I/PerformanceTiming(  205): Performance Entry: b2g|mark|gecko-settings-loadstart|529.310000|0.000000|1417470224669
I/PerformanceTiming(  205): Performance Entry: b2g|mark|gecko-shell-loadstart|1056.635000|0.000000|1417470225196
I/Gecko   (  205): AlarmService: init()
I/Gecko   (  205): AlarmService: _restoreAlarmsFromDb()
W/GeckoConsole(  205): [JavaScript Warning: "Empty string passed to getElementById()." {file: "chrome://b2g/content/shell.html" line: 0}]
I/PerformanceTiming(  205): Performance Entry: b2g|measure|gecko-shell-jsm-loaded|1056.635000|591.760000|1417470225788
I/Gecko   (  205):
I/Gecko   (  205): ###!!! [Parent][OnMaybeDequeueOne] Error: Channel closing: too late to send/recv, messages will be lost
I/Gecko   (  205):
I/(Nuwa)  (  454): Could not read chrome manifest 'file:///system/b2g/chrome.manifest'.
I/Gecko   (  205): AlarmService: Callback after getting alarms from database: []
I/Gecko   (  205): AlarmService: Current alarm: null
I/Gecko   (  205): AlarmService: Alarm queue: []
I/Gonk    (  205): Connected to netd
E/BandwidthController(  197): No such iface wlan0 to delete
D/WLAN_PSA(  209): NL BCAST MSG KDriver Not ready yet : KNLREADY
D/WLAN_PSA(  209): NL BCAST MSG Received, Kernel ready, connect LN
D/WLAN_PSA(  209): Register APP Socket to kernel
V/WLAN_PSA(  209): NL MSG, len[020], NL type[0x18] WNI type[0x   0] len[000]
V/WLAN_PSA(  209): NL MSG, len[009], NL type[0xEE08] WNI type[0x4541] len[17497]
V/WLAN_PSA(  209): NL MSG, len[056], NL type[0x11] WNI type[0x   2] len[036]
V/WLAN_PSA(  209): NL MSG, len[009], NL type[0xFFFF] WNI type[0x4541] len[17497]
V/WLAN_PSA(  209): NL MSG, len[056], NL type[0x11] WNI type[0x   2] len[036]
D/QsoftapCmd(  197): Got softap fwreload command we are passing on
D/SoftapController(  197): Softap fwReload - Ok
I/Gonk    (  205): RIL[0]: OnConnectSuccess
I/Gonk    (  205): RIL[1]: OnConnectSuccess
W/AudioPolicyManager(  201): setPhoneState() setting same state 0
I/rmt_storage(  329): rmt_storage_connect_cb: clnt_h=0x6 conn_h=0xb7216178
I/rmt_storage(  329): rmt_storage_rw_iovec_cb: /boot/modem_fs2: clnt_h=0x2: req_h=0xa msg_id=3: R/W request received
I/rmt_storage(  329): wakelock acquired: 1, error no: 42
I/rmt_storage(  329): rmt_storage_client_thread: /boot/modem_fs2: clnt_h=0x2 Unblock worker thread (th_id: -1222548936)
I/Gecko   (  454): ###################################### forms.js loaded
I/Gecko   (  454): ############################### browserElementPanning.js loaded
I/Gecko   (  454): ###################################### BrowserElementCopyPaste.js loaded
I/Gecko   (  454): ######################## BrowserElementChildPreload.js loaded
I/rmt_storage(  329): rmt_storage_client_thread: /boot/modem_fs2: clnt_h=0x2: req_h=0xa msg_id=3: Bytes written = 1572864
I/rmt_storage(  329): rmt_storage_client_thread: /boot/modem_fs2: clnt_h=0x2: req_h=0xa msg_id=3: Send response: res=0 err=0
I/rmt_storage(  329): rmt_storage_client_thread: /boot/modem_fs2: clnt_h=0x2 About to block rmt_storage client thread (th_id: -1222548936) wakelock released: 1, error no: 0
I/rmt_storage(  329):
I/rmt_storage(  329): rmt_storage_disconnect_cb: clnt_h=0x0x6 conn_h=0x0xb7216178
W/AudioFlinger(  201): Thread AudioOut_2 cannot connect to the power manager service
D/audio_hw_primary(  201): out_set_parameters: enter: usecase(0: deep-buffer-playback) kvpairs: fm_volume=0.1773175299
D/audio_hw_extn(  201): audio_extn_set_anc_parameters: anc_enabled:0
D/audio_hw_fm(  201): audio_extn_fm_set_parameters: set_fm_volume usecase
D/audio_hw_fm(  201): fm_set_volume: (0.177318)
W/AudioFlinger(  201): Thread AudioOut_2 cannot connect to the power manager service
E/AudioFlinger(  201): no wake lock to update!
I/Gecko   (  205): AlarmService: _onSystemClockChanged
I/Gecko   (  205): AlarmService: _restoreAlarmsFromDb()
V/WLAN_PSA(  209): NL MSG, len[048], NL type[0x11] WNI type[0x5050] len[028]
V/WLAN_PSA(  209): NL MSG, len[048], NL type[0x11] WNI type[0x5050] len[028]
V/WLAN_PSA(  209): NL MSG, len[048], NL type[0x11] WNI type[0x5050] len[028]
E/GeckoConsole(  205): [JavaScript Error: "Settings queue head blocked at {164dbb9f-fac4-4165-8594-709db35d4960} for 27358441.778 secs, Settings API may be soft lockup. Lock from: SettingsServiceLock@jar:file:///system/b2g/omni.ja!/components/SettingsService.js:78:17
E/GeckoConsole(  205): createLock@jar:file:///system/b2g/omni.ja!/components/SettingsService.js:301:16
E/GeckoConsole(  205): RadioInterface@jar:file:///system/b2g/omni.ja!/components/RadioInterfaceLayer.js:653:14
E/GeckoConsole(  205): RadioInterfaceLayer@jar:file:///system/b2g/omni.ja!/components/RadioInterfaceLayer.js:409:31
E/GeckoConsole(  205): XPCOMUtils__getFactory/factory.createInstance@resource://gre/modules/XPCOMUtils.jsm:324:19
E/GeckoConsole(  205): @jar:file:///system/b2g/omni.ja!/components/MobileConnectionService.js:74:11
E/GeckoConsole(  205): XPCU_defineLazyGetter/<.get@resource://gre/modules/XPCOMUtils.jsm:196:21
E/GeckoConsole(  205): MobileConnectionService@jar:file:///system/b2g/omni.ja!/components/MobileConnectionService.js:1405:7
E/GeckoConsole(  205): XPCOMUtils__getFactory/factory.createInstance@resource://gre/modules/XPCOMUtils.jsm:324:19
E/GeckoConsole(  205): XPCU_serviceLambda@resource://gre/modules/XPCOMUtils.jsm:228:14
E/GeckoConsole(  205): XPCU_defineLazyGette
I/Gecko   (  205): -*- SettingsRequestManager: Settings queue head blocked at {164dbb9f-fac4-4165-8594-709db35d4960} for 27358441.778 secs, Settings API may be soft lockup. Lock from: SettingsServiceLock@jar:file:///system/b2g/omni.ja!/components/SettingsService.js:78:17
I/Gecko   (  205): createLock@jar:file:///system/b2g/omni.ja!/components/SettingsService.js:301:16
I/Gecko   (  205): RadioInterface@jar:file:///system/b2g/omni.ja!/components/RadioInterfaceLayer.js:653:14
I/Gecko   (  205): RadioInterfaceLayer@jar:file:///system/b2g/omni.ja!/components/RadioInterfaceLayer.js:409:31
I/Gecko   (  205): XPCOMUtils__getFactory/factory.createInstance@resource://gre/modules/XPCOMUtils.jsm:324:19
I/Gecko   (  205): @jar:file:///system/b2g/omni.ja!/components/MobileConnectionService.js:74:11
I/Gecko   (  205): XPCU_defineLazyGetter/<.get@resource://gre/modules/XPCOMUtils.jsm:196:21
I/Gecko   (  205): MobileConnectionService@jar:file:///system/b2g/omni.ja!/components/MobileConnectionService.js:1405:7
I/Gecko   (  205): XPCOMUtils__getFactory/factory.createInstance@resource://gre/modules/XPCOMUtils.jsm:324:19
I/Gecko   (  205): XPCU_serviceLambda@resource://gre/modules/XPCOMUtils.jsm:228:14
I/Gecko   (  205): XPCU_defineL
E/GeckoConsole(  205): [JavaScript Error: "Settings queue head blocked at {164dbb9f-fac4-4165-8594-709db35d4960} for 27358441.794 secs, Settings API may be soft lockup. Lock from: SettingsServiceLock@jar:file:///system/b2g/omni.ja!/components/SettingsService.js:78:17
E/GeckoConsole(  205): createLock@jar:file:///system/b2g/omni.ja!/components/SettingsService.js:301:16
E/GeckoConsole(  205): RadioInterface@jar:file:///system/b2g/omni.ja!/components/RadioInterfaceLayer.js:653:14
E/GeckoConsole(  205): RadioInterfaceLayer@jar:file:///system/b2g/omni.ja!/components/RadioInterfaceLayer.js:409:31
E/GeckoConsole(  205): XPCOMUtils__getFactory/factory.createInstance@resource://gre/modules/XPCOMUtils.jsm:324:19
E/GeckoConsole(  205): @jar:file:///system/b2g/omni.ja!/components/MobileConnectionService.js:74:11
E/GeckoConsole(  205): XPCU_defineLazyGetter/<.get@resource://gre/modules/XPCOMUtils.jsm:196:21
E/GeckoConsole(  205): MobileConnectionService@jar:file:///system/b2g/omni.ja!/components/MobileConnectionService.js:1405:7
E/GeckoConsole(  205): XPCOMUtils__getFactory/factory.createInstance@resource://gre/modules/XPCOMUtils.jsm:324:19
E/GeckoConsole(  205): XPCU_serviceLambda@resource://gre/modules/XPCOMUtils.jsm:228:14
E/GeckoConsole(  205): XPCU_defineLazyGette
I/Gecko   (  205): -*- SettingsRequestManager: Settings queue head blocked at {164dbb9f-fac4-4165-8594-709db35d4960} for 27358441.794 secs, Settings API may be soft lockup. Lock from: SettingsServiceLock@jar:file:///system/b2g/omni.ja!/components/SettingsService.js:78:17
I/Gecko   (  205): createLock@jar:file:///system/b2g/omni.ja!/components/SettingsService.js:301:16
I/Gecko   (  205): RadioInterface@jar:file:///system/b2g/omni.ja!/components/RadioInterfaceLayer.js:653:14
I/Gecko   (  205): RadioInterfaceLayer@jar:file:///system/b2g/omni.ja!/components/RadioInterfaceLayer.js:409:31
I/Gecko   (  205): XPCOMUtils__getFactory/factory.createInstance@resource://gre/modules/XPCOMUtils.jsm:324:19
I/Gecko   (  205): @jar:file:///system/b2g/omni.ja!/components/MobileConnectionService.js:74:11
I/Gecko   (  205): XPCU_defineLazyGetter/<.get@resource://gre/modules/XPCOMUtils.jsm:196:21
I/Gecko   (  205): MobileConnectionService@jar:file:///system/b2g/omni.ja!/components/MobileConnectionService.js:1405:7
I/Gecko   (  205): XPCOMUtils__getFactory/factory.createInstance@resource://gre/modules/XPCOMUtils.jsm:324:19
I/Gecko   (  205): XPCU_serviceLambda@resource://gre/modules/XPCOMUtils.jsm:228:14
I/Gecko   (  205): XPCU_defineL
I/Gecko   (  205): AlarmService: Callback after getting alarms from database: []
I/Gecko   (  205): AlarmService: Current alarm: null
I/Gecko   (  205): AlarmService: Alarm queue: []
I/Gecko   (  205): Extension error: [Exception... "Failed to open input source 'moz-extension://ac46c7fe-92ca-442a-8f35-0655c3b540ae/manifest.json'"  nsresult: "0x80520012 (NS_ERROR_FILE_NOT_FOUND)"  location: "JS frame :: resource://gre/modules/Extension.jsm :: readJSON/< :: line 564"  data: yes] undefined:564
E/GeckoConsole(  205): [JavaScript Error: "[Exception... "Failed to open input source 'moz-extension://ac46c7fe-92ca-442a-8f35-0655c3b540ae/manifest.json'"  nsresult: "0x80520012 (NS_ERROR_FILE_NOT_FOUND)"  location: "JS frame :: resource://gre/modules/Extension.jsm :: readJSON/< :: line 564"  data: yes]" {file: "resource://gre/modules/Extension.jsm" line: 721}]
D/WifiHW  (  205): value read from /data/misc/wifi/wpa_supplicant.conf file is ctrl_interface=/data/misc/wifi/sockets
D/WifiHW  (  205): disable_scan_offload=1
D/WifiHW  (  205): update_config=1
D/WifiHW  (  205): p2p_disabled=1
D/WifiHW  (  205): p2p_no_group_iface=1
D/wpa_supplicant(  975): wpa_supplicant v2.1-devel-4.4.2
D/wpa_supplicant(  975): Add randomness: count=1 entropy=0
D/wpa_supplicant(  975): random pool - hexdump(len=128): [REMOVED]
D/wpa_supplicant(  975): random_mix_pool - hexdump(len=8): [REMOVED]
D/wpa_supplicant(  975): random_mix_pool - hexdump(len=20): [REMOVED]
D/wpa_supplicant(  975): random pool - hexdump(len=128): [REMOVED]
D/wpa_supplicant(  975): random: Added entropy from /data/misc/wifi/entropy.bin (own_pool_ready=2)
D/wpa_supplicant(  975): random: Trying to read entropy from /dev/random
D/wpa_supplicant(  975): Get randomness: len=20 entropy=1
D/wpa_supplicant(  975): random from os_get_random - hexdump(len=20): [REMOVED]
D/wpa_supplicant(  975): random_mix_pool - hexdump(len=20): [REMOVED]
D/wpa_supplicant(  975): random from internal pool - hexdump(len=16): [REMOVED]
D/wpa_supplicant(  975): random_mix_pool - hexdump(len=20): [REMOVED]
D/wpa_supplicant(  975): random from internal pool - hexdump(len=16): [REMOVED]
D/wpa_supplicant(  975): mixed random - hexdump(len=20): [REMOVED]
D/wpa_supplicant(  975): random: Updated entropy file /data/misc/wifi/entropy.bin (own_pool_ready=2)
D/wpa_supplicant(  975): Global control interface '@android:wpa_wlan0'
D/wpa_supplicant(  975): Using Android control socket 'wpa_wlan0'
I/wpa_supplicant(  975): Successfully initialized wpa_supplicant
D/wpa_supplicant(  975): Override interface parameter: ctrl_interface ('(null)' -> '/data/misc/wifi/sockets')
D/wpa_supplicant(  975): Initializing interface 'wlan0' conf '/data/misc/wifi/wpa_supplicant.conf' driver 'nl80211' ctrl_interface '/data/misc/wifi/sockets' bridge 'N/A'
D/wpa_supplicant(  975): Configuration file '/data/misc/wifi/wpa_supplicant.conf' -> '/data/misc/wifi/wpa_supplicant.conf'
D/wpa_supplicant(  975): Reading configuration file '/data/misc/wifi/wpa_supplicant.conf'
D/wpa_supplicant(  975): ctrl_interface='/data/misc/wifi/sockets'
D/wpa_supplicant(  975): disable_scan_offload=1
D/wpa_supplicant(  975): update_config=1
D/wpa_supplicant(  975): p2p_disabled=1
D/wpa_supplicant(  975): p2p_no_group_iface=1
D/wpa_supplicant(  975): Reading configuration file '/system/etc/wifi/wpa_supplicant_overlay.conf'
D/wpa_supplicant(  975): disable_scan_offload=1
D/wpa_supplicant(  975): p2p_disabled=1
I/Gecko   (  205): Extension error: [Exception... "Component returned failure code: 0x80520012 (NS_ERROR_FILE_NOT_FOUND) [nsIXPCComponents_Utils.import]"  nsresult: "0x80520012 (NS_ERROR_FILE_NOT_FOUND)"  location: "JS frame :: chrome://extensions/content/ext-bookmarks.js :: <TOP_LEVEL> :: line 3"  data: no] undefined:3
I/wpa_supplicant(  975): rfkill: Cannot open RFKILL control device
D/wpa_supplicant(  975): nl80211: RFKILL status not available
E/GeckoConsole(  205): [JavaScript Error: "[Exception... "Component returned failure code: 0x80520012 (NS_ERROR_FILE_NOT_FOUND) [nsIXPCComponents_Utils.import]"  nsresult: "0x80520012 (NS_ERROR_FILE_NOT_FOUND)"  location: "JS frame :: chrome://extensions/content/ext-bookmarks.js :: <TOP_LEVEL> :: line 3"  data: no]" {file: "resource://gre/modules/Extension.jsm" line: 721}]
D/wpa_supplicant(  975): nl80211: Using driver-based off-channel TX
D/wpa_supplicant(  975): nl80211: Using driver-based roaming
D/wpa_supplicant(  975): nl80211: TDLS supported
D/wpa_supplicant(  975): nl80211: TDLS external setup
D/wpa_supplicant(  975): nl80211: Supports Probe Response offload in AP mode
D/wpa_supplicant(  975): nl80211: Supported vendor event: vendor_id=0x1374 subcmd=10
D/wpa_supplicant(  975): nl80211: Use separate P2P group interface (driver advertised support)
D/wpa_supplicant(  975): nl80211: Enable multi-channel concurrent (driver advertised support)
D/wpa_supplicant(  975): nl80211: Driver is new enough to support monitor-less mode
D/wpa_supplicant(  975): nl80211: interface wlan0 in phy phy0
D/wpa_supplicant(  975): nl80211: Set mode ifindex 22 iftype 2 (STATION)
D/wpa_supplicant(  975): nl80211: Subscribe to mgmt frames with non-AP handle 0xb83db4e0
D/wpa_supplicant(  975): nl80211: Register frame type=0xd0 nl_handle=0xb83db4e0
D/wpa_supplicant(  975): nl80211: Register frame match - hexdump(len=2): 04 0a
D/wpa_supplicant(  975): nl80211: Register frame type=0xd0 nl_handle=0xb83db4e0
D/wpa_supplicant(  975): nl80211: Register frame match - hexdump(len=2): 04 0b
D/wpa_supplicant(  975): nl80211: Register frame type=0xd0 nl_handle=0xb83db4e0
D/wpa_supplicant(  975): nl80211: Register frame match - hexdump(len=2): 04 0c
D/wpa_supplicant(  975): nl80211: Register frame type=0xd0 nl_handle=0xb83db4e0
D/wpa_supplicant(  975): nl80211: Register frame match - hexdump(len=2): 04 0d
D/wpa_supplicant(  975): nl80211: Register frame type=0xd0 nl_handle=0xb83db4e0
D/wpa_supplicant(  975): nl80211: Register frame match - hexdump(len=6): 04 09 50 6f 9a 09
D/wpa_supplicant(  975): nl80211: Register frame type=0xd0 nl_handle=0xb83db4e0
D/wpa_supplicant(  975): nl80211: Register frame match - hexdump(len=5): 7f 50 6f 9a 09
D/wpa_supplicant(  975): nl80211: Register frame type=0xd0 nl_handle=0xb83db4e0
D/wpa_supplicant(  975): nl80211: Register frame match - hexdump(len=2): 08 01
D/wpa_supplicant(  975): nl80211: Register frame type=0xd0 nl_handle=0xb83db4e0
D/wpa_supplicant(  975): nl80211: Register frame match - hexdump(len=2): 04 0e
D/wpa_supplicant(  975): nl80211: Register frame type=0xd0 nl_handle=0xb83db4e0
D/wpa_supplicant(  975): nl80211: Register frame match - hexdump(len=1): 06
D/wpa_supplicant(  975): nl80211: Register frame type=0xd0 nl_handle=0xb83db4e0
D/wpa_supplicant(  975): nl80211: Register frame match - hexdump(len=2): 0a 07
D/wpa_supplicant(  975): nl80211: Register frame type=0xd0 nl_handle=0xb83db4e0
D/wpa_supplicant(  975): nl80211: Register frame match - hexdump(len=2): 0a 11
V/WLAN_PSA(  209): NL MSG, len[048], NL type[0x11] WNI type[0x5050] len[028]
D/wpa_supplicant(  975): netlink: Operstate: linkmode=1, operstate=5
D/wpa_supplicant(  975): nl80211: driver param='(null)'
D/wpa_supplicant(  975): nl80211: Regulatory information - country=00
D/wpa_supplicant(  975): nl80211: 2402-2472 @ 40 MHz
D/wpa_supplicant(  975): nl80211: 2457-2482 @ 40 MHz
D/wpa_supplicant(  975): nl80211: 2474-2494 @ 20 MHz
D/wpa_supplicant(  975): nl80211: 5170-5250 @ 80 MHz
D/wpa_supplicant(  975): nl80211: 5735-5835 @ 80 MHz
D/wpa_supplicant(  975): nl80211: 57240-63720 @ 2160 MHz
D/wpa_supplicant(  975): nl80211: Added 802.11b mode based on 802.11g information
D/wpa_supplicant(  975): wlan0: Own MAC address: 00:0a:f5:3b:33:bc
D/wpa_supplicant(  975): wpa_driver_nl80211_set_key: ifindex=22 (wlan0) alg=0 addr=0x0 key_idx=0 set_tx=0 seq_len=0 key_len=0
D/wpa_supplicant(  975): wpa_driver_nl80211_set_key: ifindex=22 (wlan0) alg=0 addr=0x0 key_idx=1 set_tx=0 seq_len=0 key_len=0
D/wpa_supplicant(  975): wpa_driver_nl80211_set_key: ifindex=22 (wlan0) alg=0 addr=0x0 key_idx=2 set_tx=0 seq_len=0 key_len=0
D/wpa_supplicant(  975): wpa_driver_nl80211_set_key: ifindex=22 (wlan0) alg=0 addr=0x0 key_idx=3 set_tx=0 seq_len=0 key_len=0
D/wpa_supplicant(  975): wpa_driver_nl80211_set_key: ifindex=22 (wlan0) alg=0 addr=0x0 key_idx=4 set_tx=0 seq_len=0 key_len=0
D/wpa_supplicant(  975): wpa_driver_nl80211_set_key: ifindex=22 (wlan0) alg=0 addr=0x0 key_idx=5 set_tx=0 seq_len=0 key_len=0
D/wpa_supplicant(  975): wlan0: RSN: flushing PMKID list in the driver
D/wpa_supplicant(  975): nl80211: Flush PMKIDs
D/wpa_supplicant(  975): wlan0: State: DISCONNECTED -> INACTIVE
D/wpa_supplicant(  975): TDLS: TDLS operation supported by driver
D/wpa_supplicant(  975): TDLS: Driver uses external link setup
D/wpa_supplicant(  975): WPS: Set UUID for interface wlan0
D/wpa_supplicant(  975): WPS: UUID based on MAC address - hexdump(len=16): 8b cc 08 67 c1 8d 53 50 b9 3c eb 5d 43 cd 38 ec
D/wpa_supplicant(  975): EAPOL: SUPP_PAE entering state DISCONNECTED
D/wpa_supplicant(  975): EAPOL: Supplicant port status: Unauthorized
D/wpa_supplicant(  975): nl80211: Set supplicant port unauthorized for 00:00:00:00:00:00
D/wpa_supplicant(  975): EAPOL: KEY_RX entering state NO_KEY_RECEIVE
D/wpa_supplicant(  975): EAPOL: SUPP_BE entering state INITIALIZE
D/wpa_supplicant(  975): EAP: EAP entering state DISABLED
D/wpa_supplicant(  975): EAPOL: Supplicant port status: Unauthorized
D/wpa_supplicant(  975): nl80211: Set supplicant port unauthorized for 00:00:00:00:00:00
D/wpa_supplicant(  975): EAPOL: Supplicant port status: Unauthorized
D/wpa_supplicant(  975): nl80211: Set supplicant port unauthorized for 00:00:00:00:00:00
D/wpa_supplicant(  975): Using existing control interface directory.
D/wpa_supplicant(  975): wlan0: Added interface wlan0
D/wpa_supplicant(  975): wlan0: State: INACTIVE -> DISCONNECTED
D/wpa_supplicant(  975): wpa_driver_nl80211_set_operstate: operstate 0->0 (DORMANT)
D/wpa_supplicant(  975): netlink: Operstate: linkmode=-1, operstate=5
D/wpa_supplicant(  975): random: Got 20/20 bytes from /dev/random
D/wpa_supplicant(  975): Get randomness: len=20 entropy=0
D/wpa_supplicant(  975): random from os_get_random - hexdump(len=20): [REMOVED]
D/wpa_supplicant(  975): random_mix_pool - hexdump(len=20): [REMOVED]
D/wpa_supplicant(  975): random from internal pool - hexdump(len=16): [REMOVED]
D/wpa_supplicant(  975): random_mix_pool - hexdump(len=20): [REMOVED]
D/wpa_supplicant(  975): random from internal pool - hexdump(len=16): [REMOVED]
D/wpa_supplicant(  975): mixed random - hexdump(len=20): [REMOVED]
D/wpa_supplicant(  975): random: Updated entropy file /data/misc/wifi/entropy.bin (own_pool_ready=2)
D/wpa_supplicant(  975): CTRL_IFACE monitor attached - hexdump(len=39): 2f 64 61 74 61 2f 6d 69 73 63 2f 77 69 66 69 2f 73 6f 63 6b 65 74 73 2f 77 70 61 5f 63 74 72 6c ...
D/wpa_supplicant(  975): RTM_NEWLINK: operstate=0 ifi_flags=0x1003 ([UP])
D/wpa_supplicant(  975): RTM_NEWLINK, IFLA_IFNAME: Interface 'wlan0' added
D/wpa_supplicant(  975): nl80211: if_removed already cleared - ignore event
D/wpa_supplicant(  975): RX ctrl_iface - hexdump(len=9): 4c 4f 47 5f 4c 45 56 45 4c
D/wpa_supplicant(  975): wlan0: Control interface command 'LOG_LEVEL'
D/wpa_supplicant(  975): RX ctrl_iface - hexdump(len=6): 53 54 41 54 55 53
D/wpa_supplicant(  975): wlan0: Control interface command 'STATUS'
D/wpa_supplicant(  975): CTRL_IFACE monitor send - hexdump(len=39): 2f 64 61 74 61 2f 6d 69 73 63 2f 77 69 66 69 2f 73 6f 63 6b 65 74 73 2f 77 70 61 5f 63 74 72 6c ...
D/wpa_supplicant(  975): RX ctrl_iface - hexdump(len=23): 44 52 49 56 45 52 20 53 45 54 53 55 53 50 45 4e 44 4d 4f 44 45 20 31
D/wpa_supplicant(  975): wlan0: Control interface command 'DRIVER SETSUSPENDMODE 1'
D/wpa_supplicant(  975): wpa_driver_nl80211_driver_cmd SETSUSPENDMODE 1 len = 0, 4096
D/wpa_supplicant(  975): RX ctrl_iface - hexdump(len=23): 44 52 49 56 45 52 20 53 45 54 53 55 53 50 45 4e 44 4d 4f 44 45 20 31
D/wpa_supplicant(  975): wlan0: Control interface command 'DRIVER SETSUSPENDMODE 1'
D/wpa_supplicant(  975): wpa_driver_nl80211_driver_cmd SETSUSPENDMODE 1 len = 0, 4096
D/wpa_supplicant(  975): RX ctrl_iface - hexdump(len=23): 44 52 49 56 45 52 20 53 45 54 53 55 53 50 45 4e 44 4d 4f 44 45 20 31
D/wpa_supplicant(  975): wlan0: Control interface command 'DRIVER SETSUSPENDMODE 1'
D/wpa_supplicant(  975): wpa_driver_nl80211_driver_cmd SETSUSPENDMODE 1 len = 0, 4096
D/wpa_supplicant(  975): RX ctrl_iface - hexdump(len=13): 4c 49 53 54 5f 4e 45 54 57 4f 52 4b 53
D/wpa_supplicant(  975): wlan0: Control interface command 'LIST_NETWORKS'
D/wpa_supplicant(  975): RX ctrl_iface - hexdump(len=14): 44 52 49 56 45 52 20 4d 41 43 41 44 44 52
D/wpa_supplicant(  975): wlan0: Control interface command 'DRIVER MACADDR'
D/wpa_supplicant(  975): RX ctrl_iface - hexdump(len=8): 53 45 54 20 70 73 20 31
D/wpa_supplicant(  975): wlan0: Control interface command 'SET ps 1'
D/wpa_supplicant(  975): CTRL_IFACE SET 'ps'='1'
D/wpa_supplicant(  975): nl80211: set_p2p_powersave (legacy_ps=1 opp_ps=-1 ctwindow=-1)
D/wpa_supplicant(  975): RX ctrl_iface - hexdump(len=8): 53 45 54 20 70 73 20 31
D/wpa_supplicant(  975): wlan0: Control interface command 'SET ps 1'
D/wpa_supplicant(  975): CTRL_IFACE SET 'ps'='1'
D/wpa_supplicant(  975): nl80211: set_p2p_powersave (legacy_ps=1 opp_ps=-1 ctwindow=-1)
D/wpa_supplicant(  975): RX ctrl_iface - hexdump(len=8): 53 45 54 20 70 73 20 31
D/wpa_supplicant(  975): wlan0: Control interface command 'SET ps 1'
D/wpa_supplicant(  975): CTRL_IFACE SET 'ps'='1'
D/wpa_supplicant(  975): nl80211: set_p2p_powersave (legacy_ps=1 opp_ps=-1 ctwindow=-1)
D/wpa_supplicant(  975): RX ctrl_iface - hexdump(len=9): 41 50 5f 53 43 41 4e 20 31
D/wpa_supplicant(  975): wlan0: Control interface command 'AP_SCAN 1'
D/wpa_supplicant(  975): RX ctrl_iface - hexdump(len=11): 53 41 56 45 5f 43 4f 4e 46 49 47
D/wpa_supplicant(  975): wlan0: Control interface command 'SAVE_CONFIG'
D/wpa_supplicant(  975): Writing configuration file '/data/misc/wifi/wpa_supplicant.conf'
D/wpa_supplicant(  975): Configuration file '/data/misc/wifi/wpa_supplicant.conf' written successfully
D/wpa_supplicant(  975): CTRL_IFACE: SAVE_CONFIG - Configuration updated
I/VolumeManager(  205): SetUnmountRequested for volume sdcard to 0 CanBeMounted = 1
I/VolumeManager(  205): SetMountRequested for volume sdcard to 0 CanBeMounted = 1
I/VolumeManager(  205): SetSharingMode for volume sdcard to 1 canBeShared = 1
I/AutoMounter(  205): AutoMounter state changed from UMS_CONFIGURED to IDLE
I/AutoMounter(  205): UpdateState: ums:A1C1E0 mtp:A1C0E0 mode:0 usb:1 tryToShare:0 state:IDLE
I/AutoMounter(  205): UpdateState: Volume sdcard is Mounted and inserted @ /storage/sdcard gen 1 locked 0 sharing en-n
I/AutoMounter(  205): UpdateState: Volume sdcard1 is NoMedia and missing
I/AutoMounter(  205): AutoMounter state changed from IDLE to UMS_CONFIGURED
I/AutoMounter(  205): UpdateState: ums:A1C1E0 mtp:A1C0E0 mode:0 usb:1 tryToShare:0 state:UMS_CONFIGURED
I/AutoMounter(  205): UpdateState: Volume sdcard is Mounted and inserted @ /storage/sdcard gen 1 locked 0 sharing en-n
I/AutoMounter(  205): UpdateState: Volume sdcard1 is NoMedia and missing
I/VolumeManager(  205): SetUnmountRequested for volume sdcard1 to 0 CanBeMounted = 1
I/VolumeManager(  205): SetMountRequested for volume sdcard1 to 0 CanBeMounted = 1
I/VolumeManager(  205): SetSharingMode for volume sdcard1 to 1 canBeShared = 1
I/AutoMounter(  205): AutoMounter state changed from UMS_CONFIGURED to IDLE
I/AutoMounter(  205): UpdateState: ums:A1C1E0 mtp:A1C0E0 mode:0 usb:1 tryToShare:0 state:IDLE
I/AutoMounter(  205): UpdateState: Volume sdcard is Mounted and inserted @ /storage/sdcard gen 1 locked 0 sharing en-n
I/AutoMounter(  205): UpdateState: Volume sdcard1 is NoMedia and missing
I/AutoMounter(  205): AutoMounter state changed from IDLE to UMS_CONFIGURED
I/AutoMounter(  205): UpdateState: ums:A1C1E0 mtp:A1C0E0 mode:0 usb:1 tryToShare:0 state:UMS_CONFIGURED
I/AutoMounter(  205): UpdateState: Volume sdcard is Mounted and inserted @ /storage/sdcard gen 1 locked 0 sharing en-n
I/AutoMounter(  205): UpdateState: Volume sdcard1 is NoMedia and missing
I/PerformanceTiming(  205): Performance Entry: b2g|mark|gecko-shell-bootstrap|6120.460000|0.000000|1444828671960
I/PerformanceTiming(  205): Performance Entry: b2g|mark|gecko-shell-start|6138.970000|0.000000|1444828671979
I/Gecko   (  205): ###################################### forms.js loaded
I/Gecko   (  205): ###################################### BrowserElementCopyPaste.js loaded
I/Gecko   (  205): ############################### browserElementPanning.js loaded
I/Gecko   (  205): ######################## BrowserElementChildPreload.js loaded
I/Gecko   (  205): ######################## extensions.js loaded
I/Gecko   (  205): *** UTM:SVC TimerManager:registerTimer - id: user-agent-updates-timer
I/GeckoConsole(  205): UTM:SVC TimerManager:registerTimer - id: user-agent-updates-timer
I/PerformanceTiming(  205): Performance Entry: b2g|mark|gecko-shell-system-frame-set|6437.310000|0.000000|1444828672277
I/PerformanceTiming(  205): Performance Entry: b2g|mark|gecko-shell-notify-content-start|6633.435000|0.000000|1444828672473
D/wpa_supplicant(  975): EAPOL: disable timer tick
D/wpa_supplicant(  975): EAPOL: Supplicant port status: Unauthorized
D/wpa_supplicant(  975): nl80211: Set supplicant port unauthorized for 00:00:00:00:00:00
I/(Preallocated app)(  948): PAC file installed from data: URI
I/PerformanceTiming(  205): Performance Entry: system.gaiamobile.org|mark|loadEnd|1162.050000|0.000000|1444828673438
D/charger_monitor(  381): init target 1500000
V/WLAN_PSA(  209): NL MSG, len[048], NL type[0x11] WNI type[0x5050] len[028]
I/Gecko   (  205): XXX FIXME : Dispatch a mozChromeEvent: webapps-registry-ready
I/MP-Decision( 1001): OPTION ENABLED: Adjusting average
I/MP-Decision( 1001): Decision parameters CPU 0: Nw=0.000000, Tw=0, Ns=0.000000, Ts=0
I/MP-Decision( 1001): util_h_and=0, util_h_or=0, util_low=0
I/MP-Decision( 1001): Decision parameters CPU 1: Nw=1.900000, Tw=140, Ns=1.100000, Ts=190
I/MP-Decision( 1001): util_h_and=35, util_h_or=75, util_low=20
I/MP-Decision( 1001): Decision parameters: poll_ms: 9 decision_ms: 50
I/MP-Decision( 1001): Available core list/order for available_cpus - 2:  0 1
I/Gecko   (  205): Attempting load of libEGL.so
E/libEGL  (  205): validate_display:254 error 3008 (EGL_BAD_DISPLAY)
D/libEGL  (  205): loaded /vendor/lib/egl/libEGL_adreno.so
D/libEGL  (  205): loaded /vendor/lib/egl/libGLESv1_CM_adreno.so
D/libEGL  (  205): loaded /vendor/lib/egl/libGLESv2_adreno.so
I/Adreno-EGL(  205): <qeglDrvAPI_eglInitialize:410>: EGL 1.4 QUALCOMM build: Nondeterministic_AU_msm8610_B2G_KK_3.6__release_AU ()
I/Adreno-EGL(  205): OpenGL ES Shader Compiler Version: E031.24.00.14
I/Adreno-EGL(  205): Build Date: 10/21/14 Tue
I/Adreno-EGL(  205): Local Branch:
I/Adreno-EGL(  205): Remote Branch: quic/LNX.LF.3.5.2.1_1
I/Adreno-EGL(  205): Local Patches: NONE
I/Adreno-EGL(  205): Reconstruct Branch: NOTHING
I/rmt_storage(  329): rmt_storage_connect_cb: clnt_h=0x7 conn_h=0xb7216178
I/rmt_storage(  329): rmt_storage_rw_iovec_cb: /boot/modem_fs1: clnt_h=0x1: req_h=0xb msg_id=3: R/W request received
I/rmt_storage(  329): wakelock acquired: 1, error no: 42
I/rmt_storage(  329): rmt_storage_client_thread: /boot/modem_fs1: clnt_h=0x1 Unblock worker thread (th_id: -1222549784)
I/rmt_storage(  329): rmt_storage_client_thread: /boot/modem_fs1: clnt_h=0x1: req_h=0xb msg_id=3: Bytes written = 1572864
I/rmt_storage(  329): rmt_storage_client_thread: /boot/modem_fs1: clnt_h=0x1: req_h=0xb msg_id=3: Send response: res=0 err=0
I/rmt_storage(  329): rmt_storage_client_thread: /boot/modem_fs1: clnt_h=0x1 About to block rmt_storage client thread (th_id: -1222549784) wakelock released: 1, error no: 22
I/rmt_storage(  329):
I/rmt_storage(  329): rmt_storage_disconnect_cb: clnt_h=0x0x7 conn_h=0x0xb7216178
I/Gecko   (  205): Can't find symbol 'GetActiveUniformName'.
I/GeckoConsole(  205): OpenGL compositor Initialized Succesfully.
I/GeckoConsole(  205): Version: OpenGL ES 3.0 V@66.0 AU@ (CL@)
I/GeckoConsole(  205): Vendor: Qualcomm
I/GeckoConsole(  205): Renderer: Adreno (TM) 305
I/GeckoConsole(  205): FBO Texture Target: TEXTURE_2D
I/Gecko   (  205): XXX FIXME : Dispatch a mozChromeEvent: system-first-paint
E/Sensors (  205): change G sensor state "1 -> 0"
I/Gecko   (  205): LogShake.jsm: Disabling QA Mode
I/GeckoDump(  205): AUS:Settings: Not a dogfooder!
E/GeckoConsole(  205): [JavaScript Error: "NS_ERROR_FILE_NOT_FOUND: Component returned failure code: 0x80520012 (NS_ERROR_FILE_NOT_FOUND) [nsIXPCComponents_Utils.import]"]
E/GeckoConsole(  205): [JavaScript Error: "NS_ERROR_FILE_NOT_FOUND: Failed to open input source 'moz-extension://ac46c7fe-92ca-442a-8f35-0655c3b540ae/manifest.json'"]
I/GeckoDump(  205): AdbController: Starting USB debugger on /data/local/debugger-socket
W/AudioFlinger(  201): Thread AudioOut_2 cannot connect to the power manager service
W/AudioFlinger(  201): Thread AudioOut_2 cannot connect to the power manager service
E/AudioFlinger(  201): no wake lock to update!
I/GeckoDump(  205): XXX FIXME : Got a mozContentEvent: system-message-listener-ready
I/Gecko   (  205): XXX FIXME : Dispatch a mozChromeEvent: volume-state-changed
I/PerformanceTiming(  205): Performance Entry: system.gaiamobile.org|mark|ftuSkip|6641.025000|0.000000|1444828678917
V/WLAN_PSA(  209): NL MSG, len[048], NL type[0x11] WNI type[0x5050] len[028]
I/Gecko   (  948): ######################## extensions.js loaded
W/New Home Screen(  948): [JavaScript Warning: "Use of nsIFile in content process is deprecated." {file: "jar:file:///system/b2g/omni.ja!/components/DirectoryProvider.js" line: 81}]
W/New Home Screen(  948): [JavaScript Warning: "Error in parsing value for 'text-align'.  Declaration dropped." {file: "app://homescreen.gaiamobile.org/index.html#root" line: 43 column: 18 source: "      text-align: -moz-start;"}]
W/New Home Screen(  948): [JavaScript Warning: "Error in parsing value for 'text-align'.  Declaration dropped." {file: "app://homescreen.gaiamobile.org/index.html#root" line: 43 column: 18 source: "      text-align: -moz-start;"}]
I/PerformanceTiming(  948): Performance Entry: homescreen.gaiamobile.org|mark|navigationLoaded|949.265000|0.000000|1444828679970
W/libsuspend(  205): Error writing 'on' to /sys/power/state: Invalid argument
I/libsuspend(  205): Selected autosleep
I/QCOM PowerHAL(  205): Got set_interactive hint
E/QCOM PowerHAL(  205): Invalid hint ID.
D/qdhwcomposer(  205): hwc_blank: Unblanking display: 0
D/qdhwcomposer(  205): hwc_blank: Done unblanking display: 0
I/qdhwcomposer(  205): handle_blank_event: dpy:0 panel power state: 1
I/PerformanceTiming(  948): Performance Entry: homescreen.gaiamobile.org|mark|navigationInteractive|1248.330000|0.000000|1444828680269
I/PerformanceTiming(  205): Performance Entry: system.gaiamobile.org|mark|visuallyLoaded|8615.985000|0.000000|1444828680892
I/PerformanceTiming(  948): Performance Entry: homescreen.gaiamobile.org|mark|visuallyLoaded|3050.410000|0.000000|1444828682071
I/PerformanceTiming(  948): Performance Entry: homescreen.gaiamobile.org|mark|contentInteractive|3050.740000|0.000000|1444828682071
I/Gecko   (  205): UpdatePrompt: Sending stored update error
I/GeckoDump(  205): XXX FIXME : Got a mozContentEvent: update-prompt-ready
V/WLAN_PSA(  209): NL MSG, len[048], NL type[0x11] WNI type[0x5050] len[028]
I/Gecko   (  205): ###################################### BrowserElementCopyPaste.js loaded
I/Gecko   (  205): ############################### browserElementPanning.js loaded
I/Gecko   (  205): ######################## BrowserElementChildPreload.js loaded
I/Gecko   (  205): ######################## extensions.js loaded
I/PerformanceTiming(  205): Performance Entry: system.gaiamobile.org|mark|osLogoEnd|12528.040000|0.000000|1444828684804
D/skia    (  948): START /proc/cpuinfo:
D/skia    (  948): Processor	: ARMv7 Processor rev 3 (v7l)
D/skia    (  948): processor	: 0
D/skia    (  948): BogoMIPS	: 38.40
D/skia    (  948):
D/skia    (  948): processor	: 1
D/skia    (  948): BogoMIPS	: 38.40
D/skia    (  948):
D/skia    (  948): Features	: swp half thumb fastmult vfp edsp neon vfpv3 tls vfpv4 idiva idivt
D/skia    (  948): CPU implementer	: 0x41
D/skia    (  948): CPU architecture: 7
D/skia    (  948): CPU variant	: 0x0
D/skia    (  948): CPU part	: 0xc07
D/skia    (  948): CPU revision	: 3
D/skia    (  948):
D/skia    (  948): Hardware	: Qualcomm MSM8210
D/skia    (  948): Revision	: 0000
D/skia    (  948): Serial		: 0000000000000000
D/skia    (  948):
D/skia    (  948): END /proc/cpuinfo
D/skia    (  948): Device supports ARM NEON instructions!
E/New Home Screen(  948): Content JS ERROR: Failed to retrieve icon [object DOMError]
E/New Home Screen(  948):     at proto.refresh/< (app://homescreen.gaiamobile.org/gaia_build_defer_index.js:87:569)
I/GeckoConsole(  205): Content JS LOG: defaultAdapter changed. address: 00:00:00:00:00:00
I/GeckoConsole(  205):     at onManagerAttributeChanged (app://callscreen.gaiamobile.org/gaia_build_defer_index.js:439:653)
I/PerformanceTiming(  205): Performance Entry: system.gaiamobile.org|mark|fullyLoaded|15412.775000|0.000000|1444828687688
I/GeckoConsole(  205): Content JS LOG: Error handling bluetooth request
I/GeckoConsole(  205):     at BluetoothHelper/_handleRequest/request.onerror (app://callscreen.gaiamobile.org/gaia_build_defer_index.js:439:211)
I/GeckoConsole(  205): PAC file installed from data: URI
V/WLAN_PSA(  209): NL MSG, len[048], NL type[0x11] WNI type[0x5050] len[028]
E/New Home Screen(  948): Content JS ERROR: Failed to retrieve icon [object DOMError]
E/New Home Screen(  948):     at proto.refresh/< (app://homescreen.gaiamobile.org/gaia_build_defer_index.js:87:569)
I/Gecko   (  205): UpdatePrompt: Forcing update check
I/Gecko   (  205): *** AUS:SVC Checker: checkForUpdates, force: true
I/GeckoConsole(  205): AUS:SVC Checker: checkForUpdates, force: true
I/Gecko   (  205): *** AUS:SVC Checker:getUpdateURL - update URL: https://aus5.mozilla.org/update/3/B2G/44.0a1/20151014035118/flame-eng/en-US/default/Boot2Gecko%202.5.0.0-prerelease%20(SDK%2019)/default/default/update.xml?force=1
I/GeckoConsole(  205): AUS:SVC Checker:getUpdateURL - update URL: https://aus5.mozilla.org/update/3/B2G/44.0a1/20151014035118/flame-eng/en-US/default/Boot2Gecko%202.5.0.0-prerelease%20(SDK%2019)/default/default/update.xml?force=1
I/Gecko   (  205): *** AUS:SVC gCanCheckForUpdates - able to check for updates
I/GeckoConsole(  205): AUS:SVC gCanCheckForUpdates - able to check for updates
I/Gecko   (  205): *** AUS:SVC Checker:checkForUpdates - sending request to: https://aus5.mozilla.org/update/3/B2G/44.0a1/20151014035118/flame-eng/en-US/default/Boot2Gecko%202.5.0.0-prerelease%20(SDK%2019)/default/default/update.xml?force=1
I/GeckoConsole(  205): AUS:SVC Checker:checkForUpdates - sending request to: https://aus5.mozilla.org/update/3/B2G/44.0a1/20151014035118/flame-eng/en-US/default/Boot2Gecko%202.5.0.0-prerelease%20(SDK%2019)/default/default/update.xml?force=1
I/GeckoDump(  205): XXX FIXME : Got a mozContentEvent: force-update-check
I/Gecko   (  205): *** AUS:SVC Checker:onError - request.status: 2152398864
I/GeckoConsole(  205): AUS:SVC Checker:onError - request.status: 2152398864
I/Gecko   (  205): *** AUS:SVC getStatusTextFromCode - transfer error: Network is offline (go online), code: 2152398864
I/GeckoConsole(  205): AUS:SVC getStatusTextFromCode - transfer error: Network is offline (go online), code: 2152398864
I/Gecko   (  205): UpdatePrompt: Setting gecko.updateStatus: retry-when-online
I/Gecko   (  205): *** AUS:SVC Creating UpdateService
I/GeckoConsole(  205): AUS:SVC Creating UpdateService
I/Gecko   (  205): *** AUS:SVC UpdateService:onError - error during background update. error code: 111, status text: Network is offline (go online)
I/GeckoConsole(  205): AUS:SVC UpdateService:onError - error during background update. error code: 111, status text: Network is offline (go online)
I/Gecko   (  205): *** AUS:SVC UpdateService:_registerOnlineObserver - waiting for the network to be online, then forcing another check
I/GeckoConsole(  205): AUS:SVC UpdateService:_registerOnlineObserver - waiting for the network to be online, then forcing another check
I/Gecko   (  205): XXX FIXME : Dispatch a mozChromeEvent: apps-update-check
I/Gecko   (  205): UpdatePrompt: Forcing update check
I/Gecko   (  205): *** AUS:SVC Checker: checkForUpdates, force: true
I/GeckoConsole(  205): AUS:SVC Checker: checkForUpdates, force: true
I/Gecko   (  205): *** AUS:SVC Checker:getUpdateURL - update URL: https://aus5.mozilla.org/update/3/B2G/44.0a1/20151014035118/flame-eng/en-US/default/Boot2Gecko%202.5.0.0-prerelease%20(SDK%2019)/default/default/update.xml?force=1
I/GeckoConsole(  205): AUS:SVC Checker:getUpdateURL - update URL: https://aus5.mozilla.org/update/3/B2G/44.0a1/20151014035118/flame-eng/en-US/default/Boot2Gecko%202.5.0.0-prerelease%20(SDK%2019)/default/default/update.xml?force=1
I/Gecko   (  205): *** AUS:SVC Checker:checkForUpdates - sending request to: https://aus5.mozilla.org/update/3/B2G/44.0a1/20151014035118/flame-eng/en-US/default/Boot2Gecko%202.5.0.0-prerelease%20(SDK%2019)/default/default/update.xml?force=1
I/GeckoConsole(  205): AUS:SVC Checker:checkForUpdates - sending request to: https://aus5.mozilla.org/update/3/B2G/44.0a1/20151014035118/flame-eng/en-US/default/Boot2Gecko%202.5.0.0-prerelease%20(SDK%2019)/default/default/update.xml?force=1
I/GeckoDump(  205): XXX FIXME : Got a mozContentEvent: force-update-check
I/Gecko   (  205): *** AUS:SVC Checker:onError - request.status: 2152398864
I/GeckoConsole(  205): AUS:SVC Checker:onError - request.status: 2152398864
I/Gecko   (  205): *** AUS:SVC getStatusTextFromCode - transfer error: Network is offline (go online), code: 2152398864
I/GeckoConsole(  205): AUS:SVC getStatusTextFromCode - transfer error: Network is offline (go online), code: 2152398864
I/Gecko   (  205): UpdatePrompt: Setting gecko.updateStatus: retry-when-online
I/Gecko   (  205): *** AUS:SVC UpdateService:onError - error during background update. error code: 111, status text: Network is offline (go online)
I/GeckoConsole(  205): AUS:SVC UpdateService:onError - error during background update. error code: 111, status text: Network is offline (go online)
I/Gecko   (  205): *** AUS:SVC UpdateService:_registerOnlineObserver - observer already registered
I/GeckoConsole(  205): AUS:SVC UpdateService:_registerOnlineObserver - observer already registered
V/WLAN_PSA(  209): NL MSG, len[048], NL type[0x11] WNI type[0x5050] len[028]
I/(Preallocated app)( 1075): PAC file installed from data: URI
I/Gecko   (  205): XXX FIXME : Dispatch a mozChromeEvent: apps-update-check
D/wpa_supplicant(  975): RX ctrl_iface - hexdump(len=18): 44 52 49 56 45 52 20 53 43 41 4e 2d 41 43 54 49 56 45
D/wpa_supplicant(  975): wlan0: Control interface command 'DRIVER SCAN-ACTIVE'
D/wpa_supplicant(  975): wpa_driver_nl80211_driver_cmd SCAN-ACTIVE len = 0, 4096
D/wpa_supplicant(  975): RX ctrl_iface - hexdump(len=4): 53 43 41 4e
D/wpa_supplicant(  975): wlan0: Control interface command 'SCAN'
D/wpa_supplicant(  975): wlan0: Setting scan request: 0 sec 0 usec
D/wpa_supplicant(  975): wlan0: State: DISCONNECTED -> SCANNING
D/wpa_supplicant(  975): CTRL_IFACE monitor send - hexdump(len=39): 2f 64 61 74 61 2f 6d 69 73 63 2f 77 69 66 69 2f 73 6f 63 6b 65 74 73 2f 77 70 61 5f 63 74 72 6c ...
D/wpa_supplicant(  975): wlan0: Starting AP scan for wildcard SSID
D/wpa_supplicant(  975): wlan0: nl80211: scan request
D/wpa_supplicant(  975): nl80211: Scan SSID - hexdump(len=0): [NULL]
D/wpa_supplicant(  975): Scan requested (ret=0) - scan timeout 10 seconds
D/wpa_supplicant(  975): nl80211: Event message available
D/wpa_supplicant(  975): nl80211: Drv Event 33 (NL80211_CMD_TRIGGER_SCAN) received for wlan0
D/wpa_supplicant(  975): wlan0: nl80211: Scan trigger
D/wpa_supplicant(  975): wlan0: Event SCAN_STARTED (57) received
D/wpa_supplicant(  975): wlan0: Own scan request started a scan
I/wpa_supplicant(  975): wlan0: CTRL-EVENT-SCAN-STARTED
D/wpa_supplicant(  975): CTRL_IFACE monitor send - hexdump(len=39): 2f 64 61 74 61 2f 6d 69 73 63 2f 77 69 66 69 2f 73 6f 63 6b 65 74 73 2f 77 70 61 5f 63 74 72 6c ...
V/WLAN_PSA(  209): NL MSG, len[048], NL type[0x11] WNI type[0x5050] len[028]
V/WLAN_PSA(  209): NL MSG, len[048], NL type[0x11] WNI type[0x5050] len[028]
V/WLAN_PSA(  209): NL MSG, len[048], NL type[0x11] WNI type[0x5050] len[028]
V/WLAN_PSA(  209): NL MSG, len[914], NL type[0x11] WNI type[0x5050] len[894]
V/WLAN_PSA(  209): NL MSG, len[048], NL type[0x11] WNI type[0x5050] len[028]
D/wpa_supplicant(  975): RX ctrl_iface - hexdump(len=19): 44 52 49 56 45 52 20 53 43 41 4e 2d 50 41 53 53 49 56 45
D/wpa_supplicant(  975): wlan0: Control interface command 'DRIVER SCAN-PASSIVE'
D/wpa_supplicant(  975): wpa_driver_nl80211_driver_cmd SCAN-PASSIVE len = 0, 4096
V/WLAN_PSA(  209): NL MSG, len[914], NL type[0x11] WNI type[0x5050] len[894]
D/wpa_supplicant(  975): nl80211: Event message available
D/wpa_supplicant(  975): nl80211: Drv Event 34 (NL80211_CMD_NEW_SCAN_RESULTS) received for wlan0
D/wpa_supplicant(  975): wlan0: nl80211: New scan results available
D/wpa_supplicant(  975): wlan0: Event SCAN_RESULTS (3) received
D/wpa_supplicant(  975): nl80211: Received scan results (1 BSSes)
D/wpa_supplicant(  975): nl80211: Survey data missing
D/wpa_supplicant(  975): Sorted scan results
D/wpa_supplicant(  975): 30:b5:c2:57:14:81 freq=2437 qual=0 noise=0 level=-36 flags=0xb age=0
D/wpa_supplicant(  975): IEs - hexdump(len=374): 00 06 48 61 63 6b 65 72 01 08 82 84 8b 96 24 30 48 6c 03 01 06 2a 01 00 2f 01 00 30 14 01 00 00 ...
D/wpa_supplicant(  975): wlan0: BSS: Start scan result update 1
D/wpa_supplicant(  975): wlan0: BSS: Add new id 0 BSSID 30:b5:c2:57:14:81 SSID 'Hacker'
D/wpa_supplicant(  975): CTRL_IFACE monitor send - hexdump(len=39): 2f 64 61 74 61 2f 6d 69 73 63 2f 77 69 66 69 2f 73 6f 63 6b 65 74 73 2f 77 70 61 5f 63 74 72 6c ...
D/wpa_supplicant(  975): BSS: last_scan_res_used=1/32 last_scan_full=0
D/wpa_supplicant(  975): Add randomness: count=2 entropy=0
D/wpa_supplicant(  975): random pool - hexdump(len=128): [REMOVED]
D/wpa_supplicant(  975): random_mix_pool - hexdump(len=8): [REMOVED]
D/wpa_supplicant(  975): random_mix_pool - hexdump(len=5): [REMOVED]
D/wpa_supplicant(  975): random pool - hexdump(len=128): [REMOVED]
D/wpa_supplicant(  975): wlan0: New scan results available (own=1 ext=0)
D/wpa_supplicant(  975): CTRL_IFACE monitor send - hexdump(len=39): 2f 64 61 74 61 2f 6d 69 73 63 2f 77 69 66 69 2f 73 6f 63 6b 65 74 73 2f 77 70 61 5f 63 74 72 6c ...
D/wpa_supplicant(  975): WPS: attr type=0x104a len=1
D/wpa_supplicant(  975): WPS: attr type=0x1044 len=1
D/wpa_supplicant(  975): WPS: attr type=0x103b len=1
D/wpa_supplicant(  975): WPS: attr type=0x1047 len=16
D/wpa_supplicant(  975): WPS: attr type=0x1021 len=7
D/wpa_supplicant(  975): WPS: attr type=0x1023 len=9
D/wpa_supplicant(  975): WPS: attr type=0x1024 len=6
D/wpa_supplicant(  975): WPS: attr type=0x1042 len=3
D/wpa_supplicant(  975): WPS: attr type=0x1054 len=8
V/WLAN_PSA(  209): NL MSG, len[048], NL type[0x11] WNI type[0x5050] len[028]
D/wpa_supplicant(  975): WPS: attr type=0x1011 len=25
D/wpa_supplicant(  975): WPS: attr type=0x1008 len=2
D/wpa_supplicant(  975): WPS: attr type=0x103c len=1
D/wpa_supplicant(  975): WPS: attr type=0x1049 len=6
D/wpa_supplicant(  975): WPS: WFA subelement id=0 len=1
D/wpa_supplicant(  975): WPS: attr type=0x104a len=1
D/wpa_supplicant(  975): WPS: attr type=0x1044 len=1
D/wpa_supplicant(  975): WPS: attr type=0x103b len=1
D/wpa_supplicant(  975): WPS: attr type=0x1047 len=16
D/wpa_supplicant(  975): WPS: attr type=0x1021 len=7
D/wpa_supplicant(  975): WPS: attr type=0x1023 len=9
D/wpa_supplicant(  975): WPS: attr type=0x1024 len=6
D/wpa_supplicant(  975): WPS: attr type=0x1042 len=3
D/wpa_supplicant(  975): WPS: attr type=0x1054 len=8
D/wpa_supplicant(  975): WPS: attr type=0x1011 len=25
D/wpa_supplicant(  975): WPS: attr type=0x1008 len=2
D/wpa_supplicant(  975): WPS: attr type=0x103c len=1
D/wpa_supplicant(  975): WPS: attr type=0x1049 len=6
V/WLAN_PSA(  209): NL MSG, len[048], NL type[0x11] WNI type[0x5050] len[028]
D/wpa_supplicant(  975): WPS: WFA subelement id=0 len=1
D/wpa_supplicant(  975): WPS: attr type=0x104a len=1
D/wpa_supplicant(  975): WPS: attr type=0x1044 len=1
D/wpa_supplicant(  975): WPS: attr type=0x103b len=1
D/wpa_supplicant(  975): WPS: attr type=0x1047 len=16
D/wpa_supplicant(  975): WPS: attr type=0x1021 len=7
D/wpa_supplicant(  975): WPS: attr type=0x1023 len=9
D/wpa_supplicant(  975): WPS: attr type=0x1024 len=6
D/wpa_supplicant(  975): WPS: attr type=0x1042 len=3
D/wpa_supplicant(  975): WPS: attr type=0x1054 len=8
D/wpa_supplicant(  975): WPS: attr type=0x1011 len=25
D/wpa_supplicant(  975): WPS: attr type=0x1008 len=2
D/wpa_supplicant(  975): WPS: attr type=0x103c len=1
D/wpa_supplicant(  975): WPS: attr type=0x1049 len=6
